<html>
<body>
<pre>
<h1>µVision Build Log</h1>
<h2>Tool Versions:</h2>
IDE-Version: µVision V5.26.2.0
Copyright (C) 2018 ARM Ltd and ARM Germany GmbH. All rights reserved.
License Information: a a, a, LIC=----
 
Tool Versions:
Toolchain:       MDK-Lite  Version: 5.26.2.0
Toolchain Path:  C:\Keil_v5\ARM\ARMCC\Bin
C Compiler:      Armcc.exe V5.06 update 6 (build 750)
Assembler:       Armasm.exe V5.06 update 6 (build 750)
Linker/Locator:  ArmLink.exe V5.06 update 6 (build 750)
Library Manager: ArmAr.exe V5.06 update 6 (build 750)
Hex Converter:   FromElf.exe V5.06 update 6 (build 750)
CPU DLL:         SARMCM3.DLL V5.26.2.0
Dialog DLL:      DCM.DLL V1.17.2.0
Target DLL:      lmidk-agdi.dll V???
Dialog DLL:      TCM.DLL V1.36.1.0
 
<h2>Project:</h2>
C:\Users\Ahmet\OneDrive\Masaüstü\Projecct\project.uvprojx
Project File Date:  01/12/2025

<h2>Output:</h2>
*** Using Compiler 'V5.06 update 6 (build 750)', folder: 'C:\Keil_v5\ARM\ARMCC\Bin'
Build target 'Target 1'
compiling main.c...
speaker.h(21): warning:  #1035-D: single-precision operand implicitly converted to double-precision
      int frequency = (int)(mappedFreq + 0.5);
motor_distance.h(79): warning:  #1035-D: single-precision operand implicitly converted to double-precision
  		distance = ((float)pulse_width * 0.034) / 2; // Correct formula
motor_distance.h(123): warning:  #1035-D: single-precision operand implicitly converted to double-precision
  				if(measurments[i] < 50.0){
motor_distance.h(127): warning:  #1035-D: single-precision operand implicitly converted to double-precision
  				else if(measurments[i] < 75.0){
motor_distance.h(130): warning:  #1035-D: single-precision operand implicitly converted to double-precision
  				else if(measurments[i] < 100.0){
main.c(146): warning:  #1035-D: single-precision operand implicitly converted to double-precision
  				y_val[i] = 48 - (int)((measurments[i]*0.48) * sins[i]);  
main.c(148): warning:  #1035-D: single-precision operand implicitly converted to double-precision
  						x_val[i] = 41 + (int)((measurments[i]*0.42) * coss[i]);  
main.c(151): warning:  #1035-D: single-precision operand implicitly converted to double-precision
  						x_val[i] = 42 - (int)((measurments[i]*0.42) * coss[i]); 
main.c(236): warning:  #167-D: argument of type "unsigned char *" is incompatible with parameter of type "const char *"
  							Nokia5110_DrawFullImage(graphic);
main.c: 9 warnings, 0 errors
linking...
Program Size: Code=16354 RO-data=2182 RW-data=424 ZI-data=5576  
".\Objects\project.axf" - 0 Error(s), 9 Warning(s).

<h2>Software Packages used:</h2>

Package Vendor: ARM
                http://www.keil.com/pack/ARM.CMSIS.5.4.0.pack
                ARM.CMSIS.5.4.0
                CMSIS (Cortex Microcontroller Software Interface Standard)
   * Component: CORE Version: 5.1.2

Package Vendor: Keil
                http://www.keil.com/pack/Keil.TM4C_DFP.1.1.0.pack
                Keil.TM4C_DFP.1.1.0
                Texas Instruments Tiva C Series Device Support and Examples
   * Component: Startup Version: 1.0.1

<h2>Collection of Component include folders:</h2>
  .\RTE\_Target_1
  C:\Keil_v5\ARM\PACK\ARM\CMSIS\5.4.0\CMSIS\Core\Include
  C:\Keil_v5\ARM\PACK\Keil\TM4C_DFP\1.1.0\Device\Include\TM4C123

<h2>Collection of Component Files used:</h2>

   * Component: ARM::CMSIS:CORE:5.1.2

   * Component: Keil::Device:Startup:1.0.1
      Source file:   Device\Source\ARM\startup_TM4C123.s
      Include file:  Device\Include\TM4C123\TM4C123.h
      Source file:   Device\Source\system_TM4C123.c
Build Time Elapsed:  00:00:00
</pre>
</body>
</html>
