Component: ARM Compiler 5.06 update 6 (build 750) Tool: armlink [4d35ed]

==============================================================================

Section Cross References

    main.o(i.BMP280_ConvertToCelsius) refers to main.o(.data) for dig_T1
    main.o(i.BMP280_Init) refers to main.o(i.I2C_WriteByte) for I2C_WriteByte
    main.o(i.BMP280_Init) refers to main.o(i.BMP280_ReadCalibrationData) for BMP280_ReadCalibrationData
    main.o(i.BMP280_ReadCalibrationData) refers to main.o(i.I2C_ReadByte) for I2C_ReadByte
    main.o(i.BMP280_ReadCalibrationData) refers to main.o(.data) for dig_T1
    main.o(i.BMP280_ReadRawTemperature) refers to main.o(i.I2C_ReadByte) for I2C_ReadByte
    main.o(i.BMP280_ReadTemperature) refers to main.o(i.BMP280_ReadRawTemperature) for BMP280_ReadRawTemperature
    main.o(i.BMP280_ReadTemperature) refers to main.o(i.BMP280_ConvertToCelsius) for BMP280_ConvertToCelsius
    main.o(i.COMP1_Handler) refers to main.o(i.print) for print
    main.o(i.COMP1_Handler) refers to main.o(i.Init_SysTick) for Init_SysTick
    main.o(i.COMP1_Handler) refers to main.o(.data) for Deep_Sleep_Mode
    main.o(i.GPIOB_Handler) refers to main.o(i.print) for print
    main.o(i.GPIOB_Handler) refers to main.o(i.Keypad_Scan) for Keypad_Scan
    main.o(i.GPIOB_Handler) refers to main.o(.data) for keypad_read_value
    main.o(i.I2C_ReadByte) refers to outstr.o(.text) for OutStr
    main.o(i.I2C_WriteByte) refers to outstr.o(.text) for OutStr
    main.o(i.Info_Screen) refers to _printf_percent.o(.ARM.Collect$$_printf_percent$$00000000) for _printf_percent
    main.o(i.Info_Screen) refers to _printf_f.o(.ARM.Collect$$_printf_percent$$00000003) for _printf_f
    main.o(i.Info_Screen) refers to printf1.o(x$fpl$printf1) for _printf_fp_dec
    main.o(i.Info_Screen) refers to nokia5110.o(i.Nokia5110_Clear) for Nokia5110_Clear
    main.o(i.Info_Screen) refers to nokia5110.o(i.Nokia5110_OutString) for Nokia5110_OutString
    main.o(i.Info_Screen) refers to __2sprintf.o(.text) for __2sprintf
    main.o(i.Info_Screen) refers to f2d.o(x$fpl$f2d) for __aeabi_f2d
    main.o(i.Info_Screen) refers to main.o(.data) for Deep_Sleep_Mode
    main.o(i.Init_ACOMP1) refers to main.o(i.__NVIC_SetPriority) for __NVIC_SetPriority
    main.o(i.Keypad_Scan) refers to main.o(.constdata) for keypad_map
    main.o(i.LM35_Read_Temperature) refers to dflt_clz.o(x$fpl$dfltu) for __aeabi_ui2d
    main.o(i.LM35_Read_Temperature) refers to ddiv.o(x$fpl$ddiv) for __aeabi_ddiv
    main.o(i.LM35_Read_Temperature) refers to d2f.o(x$fpl$d2f) for __aeabi_d2f
    main.o(i.Speaker_SetFrequency) refers to f2d.o(x$fpl$f2d) for __aeabi_f2d
    main.o(i.Speaker_SetFrequency) refers to daddsub_clz.o(x$fpl$dadd) for __aeabi_dadd
    main.o(i.Speaker_SetFrequency) refers to dfix.o(x$fpl$dfix) for __aeabi_d2iz
    main.o(i.Speaker_Works) refers to main.o(i.Speaker_SetFrequency) for Speaker_SetFrequency
    main.o(i.Speaker_Works) refers to main.o(i.Speaker_Start) for Speaker_Start
    main.o(i.Speaker_Works) refers to main.o(i.delay_ms) for delay_ms
    main.o(i.Speaker_Works) refers to main.o(i.Speaker_Stop) for Speaker_Stop
    main.o(i.Speaker_Works) refers to main.o(.data) for BMP280_Temperature
    main.o(i.SysTick_Handler) refers to main.o(.data) for ms
    main.o(i.TIMER0A_Handler) refers to main.o(i.print) for print
    main.o(i.arrange_leds) refers to f2d.o(x$fpl$f2d) for __aeabi_f2d
    main.o(i.arrange_leds) refers to dleqf.o(x$fpl$dleqf) for __aeabi_cdcmple
    main.o(i.delay_ms) refers to main.o(.data) for ms
    main.o(i.distance_init) refers to main.o(i.delay_ms) for delay_ms
    main.o(i.distance_init) refers to main.o(i.__NVIC_SetPriority) for __NVIC_SetPriority
    main.o(i.draw_graph) refers to f2d.o(x$fpl$f2d) for __aeabi_f2d
    main.o(i.draw_graph) refers to dmul.o(x$fpl$dmul) for __aeabi_dmul
    main.o(i.draw_graph) refers to dfix.o(x$fpl$dfix) for __aeabi_d2iz
    main.o(i.draw_graph) refers to main.o(i.set_bit) for set_bit
    main.o(i.draw_graph) refers to main.o(.data) for sins
    main.o(i.draw_graph) refers to main.o(.bss) for y_val
    main.o(i.forwardstep) refers to main.o(i.delay_ms) for delay_ms
    main.o(i.main) refers to _printf_percent.o(.ARM.Collect$$_printf_percent$$00000000) for _printf_percent
    main.o(i.main) refers to _printf_f.o(.ARM.Collect$$_printf_percent$$00000003) for _printf_f
    main.o(i.main) refers to printf1.o(x$fpl$printf1) for _printf_fp_dec
    main.o(i.main) refers to main.o(i.Init_PowerLED) for Init_PowerLED
    main.o(i.main) refers to nokia5110.o(i.Nokia5110_Init) for Nokia5110_Init
    main.o(i.main) refers to main.o(i.Init_LM35) for Init_LM35
    main.o(i.main) refers to main.o(i.Init_ACOMP1) for Init_ACOMP1
    main.o(i.main) refers to f2d.o(x$fpl$f2d) for __aeabi_f2d
    main.o(i.main) refers to __2sprintf.o(.text) for __2sprintf
    main.o(i.main) refers to nokia5110.o(i.Nokia5110_OutString) for Nokia5110_OutString
[...]
    .ARM.Collect$$rtexit$$00000003           0x000003ec   Section        4  rtexit2.o(.ARM.Collect$$rtexit$$00000003)
    .ARM.Collect$$rtexit$$00000004           0x000003f0   Section        6  rtexit2.o(.ARM.Collect$$rtexit$$00000004)
    .text                                    0x000003f8   Section      236  outstr.o(.text)
    $v0                                      0x000003f8   Number         0  outstr.o(.text)
    .text                                    0x000004e4   Section      276  startup_tm4c123.o(.text)
    $v0                                      0x000004e4   Number         0  startup_tm4c123.o(.text)
    .text                                    0x000005f8   Section        0  vsnprintf.o(.text)
    .text                                    0x0000062c   Section        0  __2sprintf.o(.text)
    .text                                    0x00000658   Section        0  __printf_flags_ss_wp.o(.text)
    .text                                    0x000007e0   Section        0  strncat.o(.text)
    .text                                    0x00000804   Section        0  strcat.o(.text)
    .text                                    0x0000081c   Section        0  heapauxi.o(.text)
    .text                                    0x00000822   Section        0  _printf_pad.o(.text)
    .text                                    0x00000870   Section        0  _printf_truncate.o(.text)
    .text                                    0x00000894   Section        0  _printf_str.o(.text)
    .text                                    0x000008e8   Section        0  _printf_dec.o(.text)
    .text                                    0x00000960   Section        0  _printf_charcount.o(.text)
    .text                                    0x00000988   Section        0  _printf_fp_dec.o(.text)
    _fp_digits                               0x0000098b   Thumb Code   432  _printf_fp_dec.o(.text)
    .text                                    0x00000da8   Section        0  _printf_char_common.o(.text)
    _printf_input_char                       0x00000da9   Thumb Code    10  _printf_char_common.o(.text)
    .text                                    0x00000dd8   Section        0  _sputc.o(.text)
    .text                                    0x00000de2   Section        0  _snputc.o(.text)
    .text                                    0x00000df4   Section        0  _printf_wctomb.o(.text)
    .text                                    0x00000eb0   Section        0  _printf_longlong_dec.o(.text)
    .text                                    0x00000f2c   Section        0  _printf_oct_int_ll.o(.text)
    _printf_longlong_oct_internal            0x00000f2d   Thumb Code     0  _printf_oct_int_ll.o(.text)
    .text                                    0x00000f9c   Section        0  _printf_hex_int_ll_ptr.o(.text)
    _printf_hex_common                       0x00000f9d   Thumb Code     0  _printf_hex_int_ll_ptr.o(.text)
    .text                                    0x00001030   Section        8  rt_locale_intlibspace.o(.text)
    .text                                    0x00001038   Section      138  lludiv10.o(.text)
    .text                                    0x000010c2   Section        0  _printf_intcommon.o(.text)
    .text                                    0x00001174   Section        0  _printf_fp_hex.o(.text)
    .text                                    0x00001470   Section        0  _printf_fp_infnan.o(.text)
    .text                                    0x000014f0   Section        0  _printf_char.o(.text)
    .text                                    0x0000151c   Section        0  _printf_wchar.o(.text)
    .text                                    0x00001548   Section        0  bigflt0.o(.text)
    .text                                    0x0000162c   Section        0  _wcrtomb.o(.text)
    .text                                    0x0000166c   Section        8  libspace.o(.text)
    .text                                    0x00001674   Section       74  sys_stackheap_outer.o(.text)
    .text                                    0x000016c0   Section       16  rt_ctype_table.o(.text)
    .text                                    0x000016d0   Section        0  exit.o(.text)
    .text                                    0x000016e4   Section      128  strcmpv7m.o(.text)
    .text                                    0x00001764   Section        0  sys_exit.o(.text)
    .text                                    0x00001770   Section        2  use_no_semi.o(.text)
    .text                                    0x00001772   Section        0  indicate_semi.o(.text)
    CL$$btod_d2e                             0x00001772   Section       62  btod.o(CL$$btod_d2e)
    CL$$btod_d2e_denorm_low                  0x000017b0   Section       70  btod.o(CL$$btod_d2e_denorm_low)
    CL$$btod_d2e_norm_op1                    0x000017f6   Section       96  btod.o(CL$$btod_d2e_norm_op1)
    CL$$btod_div_common                      0x00001856   Section      824  btod.o(CL$$btod_div_common)
    CL$$btod_e2e                             0x00001b8e   Section      220  btod.o(CL$$btod_e2e)
    CL$$btod_ediv                            0x00001c6a   Section       42  btod.o(CL$$btod_ediv)
    CL$$btod_emul                            0x00001c94   Section       42  btod.o(CL$$btod_emul)
    CL$$btod_mult_common                     0x00001cbe   Section      580  btod.o(CL$$btod_mult_common)
    i.BMP280_ConvertToCelsius                0x00001f04   Section        0  main.o(i.BMP280_ConvertToCelsius)
    i.BMP280_Init                            0x00001f64   Section        0  main.o(i.BMP280_Init)
    i.BMP280_ReadCalibrationData             0x00001f78   Section        0  main.o(i.BMP280_ReadCalibrationData)
    i.BMP280_ReadRawTemperature              0x00002008   Section        0  main.o(i.BMP280_ReadRawTemperature)
    i.BMP280_ReadTemperature                 0x00002048   Section        0  main.o(i.BMP280_ReadTemperature)
    i.COMP1_Handler                          0x000020a0   Section        0  main.o(i.COMP1_Handler)
    i.GPIOB_Handler                          0x00002108   Section        0  main.o(i.GPIOB_Handler)
    i.I2C_Init                               0x0000222c   Section        0  main.o(i.I2C_Init)
    i.I2C_ReadByte                           0x0000229c   Section        0  main.o(i.I2C_ReadByte)
    i.I2C_WriteByte                          0x00002344   Section        0  main.o(i.I2C_WriteByte)
    i.Info_Screen                            0x000023e0   Section        0  main.o(i.Info_Screen)
    i.Init_ACOMP1                            0x000024d4   Section        0  main.o(i.Init_ACOMP1)
    i.Init_LM35                              0x00002594   Section        0  main.o(i.Init_LM35)
    i.Init_PowerLED                          0x0000264c   Section        0  main.o(i.Init_PowerLED)
    i.Init_SysTick                           0x000026a4   Section        0  main.o(i.Init_SysTick)
    i.Keypad_Init                            0x000026b4   Section        0  main.o(i.Keypad_Init)
    i.Keypad_Scan                            0x000027a8   Section        0  main.o(i.Keypad_Scan)
    i.LM35_Read_Temperature                  0x0000282c   Section        0  main.o(i.LM35_Read_Temperature)
    i.Nokia5110_Clear                        0x00002888   Section        0  nokia5110.o(i.Nokia5110_Clear)
    i.Nokia5110_DrawFullImage                0x000028a8   Section        0  nokia5110.o(i.Nokia5110_DrawFullImage)
    i.Nokia5110_Init                         0x000028cc   Section        0  nokia5110.o(i.Nokia5110_Init)
    i.Nokia5110_OutChar                      0x00002a24   Section        0  nokia5110.o(i.Nokia5110_OutChar)
    i.Nokia5110_OutString                    0x00002a5c   Section        0  nokia5110.o(i.Nokia5110_OutString)
    i.Nokia5110_SetCursor                    0x00002a72   Section        0  nokia5110.o(i.Nokia5110_SetCursor)
    i.Speaker_Init                           0x00002aa0   Section        0  main.o(i.Speaker_Init)
    i.Speaker_SetFrequency                   0x00002b38   Section        0  main.o(i.Speaker_SetFrequency)
    i.Speaker_Start                          0x00002bfc   Section        0  main.o(i.Speaker_Start)
    i.Speaker_Stop                           0x00002c10   Section        0  main.o(i.Speaker_Stop)
    i.Speaker_Works                          0x00002c38   Section        0  main.o(i.Speaker_Works)
    i.SysTick_Handler                        0x00002c68   Section        0  main.o(i.SysTick_Handler)
    i.SystemInit                             0x00002c78   Section        0  system_tm4c123.o(i.SystemInit)
    i.TIMER0A_Handler                        0x00002c8c   Section        0  main.o(i.TIMER0A_Handler)
    i.TIMER1A_Handler                        0x00002cdc   Section        0  main.o(i.TIMER1A_Handler)
    i.__ARM_fpclassify                       0x00002d00   Section        0  fpclassify.o(i.__ARM_fpclassify)
    i.__NVIC_SetPriority                     0x00002d30   Section        0  main.o(i.__NVIC_SetPriority)
    __NVIC_SetPriority                       0x00002d31   Thumb Code    32  main.o(i.__NVIC_SetPriority)
    i._is_digit                              0x00002d58   Section        0  __printf_wp.o(i._is_digit)
    i.arrange_leds                           0x00002d68   Section        0  main.o(i.arrange_leds)
    i.delay_ms                               0x00002e74   Section        0  main.o(i.delay_ms)
    i.distance_init                          0x00002e8c   Section        0  main.o(i.distance_init)
    i.draw_graph                             0x00003000   Section        0  main.o(i.draw_graph)
    i.forwardstep                            0x00003178   Section        0  main.o(i.forwardstep)
    i.lcdwrite                               0x000031cc   Section        0  nokia5110.o(i.lcdwrite)
    lcdwrite                                 0x000031cd   Thumb Code    68  nokia5110.o(i.lcdwrite)
    i.main                                   0x00003218   Section        0  main.o(i.main)
    i.measure_pulse                          0x000034b8   Section        0  main.o(i.measure_pulse)
    i.motor_init                             0x000035c8   Section        0  main.o(i.motor_init)
    i.objectdetection                        0x00003634   Section        0  main.o(i.objectdetection)
    i.print                                  0x0000366c   Section        0  main.o(i.print)
    i.set_bit                                0x000036b4   Section        0  main.o(i.set_bit)
    i.turnback                               0x000036e4   Section        0  main.o(i.turnback)
    locale$$code                             0x00003744   Section       44  lc_numeric_c.o(locale$$code)
    locale$$code                             0x00003770   Section       44  lc_ctype_c.o(locale$$code)
    x$fpl$d2f                                0x0000379c   Section       98  d2f.o(x$fpl$d2f)
    $v0                                      0x0000379c   Number         0  d2f.o(x$fpl$d2f)
    x$fpl$dadd                               0x00003800   Section      336  daddsub_clz.o(x$fpl$dadd)
    $v0                                      0x00003800   Number         0  daddsub_clz.o(x$fpl$dadd)
    _dadd1                                   0x00003811   Thumb Code     0  daddsub_clz.o(x$fpl$dadd)
    x$fpl$dcmpinf                            0x00003950   Section       24  dcmpi.o(x$fpl$dcmpinf)
    $v0                                      0x00003950   Number         0  dcmpi.o(x$fpl$dcmpinf)
    x$fpl$ddiv                               0x00003968   Section      688  ddiv.o(x$fpl$ddiv)
    $v0                                      0x00003968   Number         0  ddiv.o(x$fpl$ddiv)
    ddiv_entry                               0x0000396f   Thumb Code     0  ddiv.o(x$fpl$ddiv)
    x$fpl$dfix                               0x00003c18   Section       94  dfix.o(x$fpl$dfix)
    $v0                                      0x00003c18   Number         0  dfix.o(x$fpl$dfix)
    x$fpl$dfltu                              0x00003c76   Section       38  dflt_clz.o(x$fpl$dfltu)
    $v0                                      0x00003c76   Number         0  dflt_clz.o(x$fpl$dfltu)
    x$fpl$dleqf                              0x00003c9c   Section      120  dleqf.o(x$fpl$dleqf)
    $v0                                      0x00003c9c   Number         0  dleqf.o(x$fpl$dleqf)
    x$fpl$dmul                               0x00003d14   Section      340  dmul.o(x$fpl$dmul)
    $v0                                      0x00003d14   Number         0  dmul.o(x$fpl$dmul)
    x$fpl$dnaninf                            0x00003e68   Section      156  dnaninf.o(x$fpl$dnaninf)
    $v0                                      0x00003e68   Number         0  dnaninf.o(x$fpl$dnaninf)
    x$fpl$dretinf                            0x00003f04   Section       12  dretinf.o(x$fpl$dretinf)
    $v0                                      0x00003f04   Number         0  dretinf.o(x$fpl$dretinf)
    x$fpl$drleqf                             0x00003f10   Section      108  drleqf.o(x$fpl$drleqf)
    $v0                                      0x00003f10   Number         0  drleqf.o(x$fpl$drleqf)
    x$fpl$dsub                               0x00003f7c   Section      468  daddsub_clz.o(x$fpl$dsub)
    $v0                                      0x00003f7c   Number         0  daddsub_clz.o(x$fpl$dsub)
    _dsub1                                   0x00003f8d   Thumb Code     0  daddsub_clz.o(x$fpl$dsub)
    x$fpl$f2d                                0x00004150   Section       86  f2d.o(x$fpl$f2d)
    $v0                                      0x00004150   Number         0  f2d.o(x$fpl$f2d)
    x$fpl$fnaninf                            0x000041a6   Section      140  fnaninf.o(x$fpl$fnaninf)
    $v0                                      0x000041a6   Number         0  fnaninf.o(x$fpl$fnaninf)
    x$fpl$fpinit                             0x00004232   Section       10  fpinit.o(x$fpl$fpinit)
    $v0                                      0x00004232   Number         0  fpinit.o(x$fpl$fpinit)
    x$fpl$fretinf                            0x0000423c   Section       10  fretinf.o(x$fpl$fretinf)
    $v0                                      0x0000423c   Number         0  fretinf.o(x$fpl$fretinf)
    x$fpl$printf1                            0x00004246   Section        4  printf1.o(x$fpl$printf1)
    $v0                                      0x00004246   Number         0  printf1.o(x$fpl$printf1)
    x$fpl$printf2                            0x0000424a   Section        4  printf2.o(x$fpl$printf2)
    $v0                                      0x0000424a   Number         0  printf2.o(x$fpl$printf2)
    .constdata                               0x0000424e   Section      496  main.o(.constdata)
    x$fpl$usenofp                            0x0000424e   Section        0  usenofp.o(x$fpl$usenofp)
    ASCII                                    0x0000424e   Data         480  main.o(.constdata)
    .constdata                               0x0000443e   Section      480  nokia5110.o(.constdata)
    ASCII                                    0x0000443e   Data         480  nokia5110.o(.constdata)
    .constdata                               0x0000461e   Section       17  __printf_flags_ss_wp.o(.constdata)
    maptable                                 0x0000461e   Data          17  __printf_flags_ss_wp.o(.constdata)
    .constdata                               0x00004630   Section        8  _printf_wctomb.o(.constdata)
    initial_mbstate                          0x00004630   Data           8  _printf_wctomb.o(.constdata)
    .constdata                               0x00004638   Section       40  _printf_hex_int_ll_ptr.o(.constdata)
    uc_hextab                                0x00004638   Data          20  _printf_hex_int_ll_ptr.o(.constdata)
    lc_hextab                                0x0000464c   Data          20  _printf_hex_int_ll_ptr.o(.constdata)
    .constdata                               0x00004660   Section       38  _printf_fp_hex.o(.constdata)
    lc_hextab                                0x00004660   Data          19  _printf_fp_hex.o(.constdata)
    uc_hextab                                0x00004673   Data          19  _printf_fp_hex.o(.constdata)
    .constdata                               0x00004688   Section      148  bigflt0.o(.constdata)
    tenpwrs_x                                0x00004688   Data          60  bigflt0.o(.constdata)
    tenpwrs_i                                0x000046c4   Data          64  bigflt0.o(.constdata)
    locale$$data                             0x0000473c   Section       28  lc_numeric_c.o(locale$$data)
    __lcnum_c_name                           0x00004740   Data           2  lc_numeric_c.o(locale$$data)
    __lcnum_c_start                          0x00004748   Data           0  lc_numeric_c.o(locale$$data)
    __lcnum_c_point                          0x00004754   Data           0  lc_numeric_c.o(locale$$data)
    __lcnum_c_thousands                      0x00004756   Data           0  lc_numeric_c.o(locale$$data)
    __lcnum_c_grouping                       0x00004757   Data           0  lc_numeric_c.o(locale$$data)
    locale$$data                             0x00004758   Section      272  lc_ctype_c.o(locale$$data)
    __lcnum_c_end                            0x00004758   Data           0  lc_numeric_c.o(locale$$data)
    __lcctype_c_name                         0x0000475c   Data           2  lc_ctype_c.o(locale$$data)
    __lcctype_c_start                        0x00004764   Data           0  lc_ctype_c.o(locale$$data)
    __lcctype_c_end                          0x00004868   Data           0  lc_ctype_c.o(locale$$data)
    .data                                    0x20000000   Section      424  main.o(.data)
    .bss                                     0x200001a8   Section     1380  main.o(.bss)
    buffer                                   0x2000050c   Data         256  main.o(.bss)
    formatted_buffer                         0x2000060c   Data         256  main.o(.bss)
    .bss                                     0x2000070c   Section       96  libspace.o(.bss)
    HEAP                                     0x20000770   Section        0  startup_tm4c123.o(HEAP)
    STACK                                    0x20000770   Section     4096  startup_tm4c123.o(STACK)
    Heap_Mem                                 0x20000770   Data           0  startup_tm4c123.o(HEAP)
    Stack_Mem                                0x20000770   Data        4096  startup_tm4c123.o(STACK)
    __initial_sp                             0x20001770   Data           0  startup_tm4c123.o(STACK)

    Global Symbols

    Symbol Name                              Value     Ov Type        Size  Object(Section)

    BuildAttributes$$THM_ISAv4$E$P$D$K$B$S$7EM$VFPi3$EXTD16$VFPS$VFMA$PE$A:L22UL41UL21$X:L11$S22US41US21$IEEE1$IW$USESV6$~STKCKD$USESV7$~SHL$OTIME$ROPI$IEEEJ$EBA8$UX$STANDARDLIB$REQ8$EABIv2 0x00000000   Number         0  anon$$obj.o ABSOLUTE
    __ARM_use_no_argv                        0x00000000   Number         0  main.o ABSOLUTE
    __Vectors                                0x00000000   Data           4  startup_tm4c123.o(RESET)
    _printf_flags                            0x00000000   Number         0  printf_stubs.o ABSOLUTE
    _printf_return_value                     0x00000000   Number         0  printf_stubs.o ABSOLUTE
    _printf_sizespec                         0x00000000   Number         0  printf_stubs.o ABSOLUTE
    _printf_widthprec                        0x00000000   Number         0  printf_stubs.o ABSOLUTE
    __ARM_exceptions_init                     - Undefined Weak Reference
    __alloca_initialize                       - Undefined Weak Reference
    __arm_preinit_                            - Undefined Weak Reference
    __cpp_initialize__aeabi_                  - Undefined Weak Reference
    __cxa_finalize                            - Undefined Weak Reference
    __sigvec_lookup                           - Undefined Weak Reference
    _atexit_init                              - Undefined Weak Reference
    _call_atexit_fns                          - Undefined Weak Reference
    _clock_init                               - Undefined Weak Reference
    _fp_trap_init                             - Undefined Weak Reference
    _fp_trap_shutdown                         - Undefined Weak Reference
    _get_lc_collate                           - Undefined Weak Reference
    _get_lc_monetary                          - Undefined Weak Reference
    _get_lc_time                              - Undefined Weak Reference
    _getenv_init                              - Undefined Weak Reference
    _handle_redirection                       - Undefined Weak Reference
    _init_alloc                               - Undefined Weak Reference
    _init_user_alloc                          - Undefined Weak Reference
    _initio                                   - Undefined Weak Reference
    _printf_mbtowc                            - Undefined Weak Reference
    _printf_wc                                - Undefined Weak Reference
    _rand_init                                - Undefined Weak Reference
    _signal_finish                            - Undefined Weak Reference
    _signal_init                              - Undefined Weak Reference
    _terminate_alloc                          - Undefined Weak Reference
    _terminate_user_alloc                     - Undefined Weak Reference
    _terminateio                              - Undefined Weak Reference
    __Vectors_End                            0x0000026c   Data           0  startup_tm4c123.o(RESET)
    __Vectors_Size                           0x0000026c   Number         0  startup_tm4c123.o ABSOLUTE
    __main                                   0x0000026d   Thumb Code     8  __main.o(!!!main)
    __scatterload                            0x00000275   Thumb Code     0  __scatter.o(!!!scatter)
    __scatterload_rt2                        0x00000275   Thumb Code    44  __scatter.o(!!!scatter)
    __scatterload_rt2_thumb_only             0x00000275   Thumb Code     0  __scatter.o(!!!scatter)
    __scatterload_null                       0x00000283   Thumb Code     0  __scatter.o(!!!scatter)
    __decompress                             0x000002a9   Thumb Code    90  __dczerorl2.o(!!dczerorl2)
    __decompress1                            0x000002a9   Thumb Code     0  __dczerorl2.o(!!dczerorl2)
    __scatterload_zeroinit                   0x00000305   Thumb Code    28  __scatter_zi.o(!!handler_zi)
    _printf_n                                0x00000321   Thumb Code     0  _printf_n.o(.ARM.Collect$$_printf_percent$$00000001)
    _printf_percent                          0x00000321   Thumb Code     0  _printf_percent.o(.ARM.Collect$$_printf_percent$$00000000)
    _printf_p                                0x00000327   Thumb Code     0  _printf_p.o(.ARM.Collect$$_printf_percent$$00000002)
    _printf_f                                0x0000032d   Thumb Code     0  _printf_f.o(.ARM.Collect$$_printf_percent$$00000003)
    _printf_e                                0x00000333   Thumb Code     0  _printf_e.o(.ARM.Collect$$_printf_percent$$00000004)
    _printf_g                                0x00000339   Thumb Code     0  _printf_g.o(.ARM.Collect$$_printf_percent$$00000005)
    _printf_a                                0x0000033f   Thumb Code     0  _printf_a.o(.ARM.Collect$$_printf_percent$$00000006)
    _printf_ll                               0x00000345   Thumb Code     0  _printf_ll.o(.ARM.Collect$$_printf_percent$$00000007)
    _printf_i                                0x0000034f   Thumb Code     0  _printf_i.o(.ARM.Collect$$_printf_percent$$00000008)
    _printf_d                                0x00000355   Thumb Code     0  _printf_d.o(.ARM.Collect$$_printf_percent$$00000009)
    _printf_u                                0x0000035b   Thumb Code     0  _printf_u.o(.ARM.Collect$$_printf_percent$$0000000A)
    _printf_o                                0x00000361   Thumb Code     0  _printf_o.o(.ARM.Collect$$_printf_percent$$0000000B)
    _printf_x                                0x00000367   Thumb Code     0  _printf_x.o(.ARM.Collect$$_printf_percent$$0000000C)
    _printf_lli                              0x0000036d   Thumb Code     0  _printf_lli.o(.ARM.Collect$$_printf_percent$$0000000D)
    _printf_lld                              0x00000373   Thumb Code     0  _printf_lld.o(.ARM.Collect$$_printf_percent$$0000000E)
    _printf_llu                              0x00000379   Thumb Code     0  _printf_llu.o(.ARM.Collect$$_printf_percent$$0000000F)
    _printf_llo                              0x0000037f   Thumb Code     0  _printf_llo.o(.ARM.Collect$$_printf_percent$$00000010)
    _printf_llx                              0x00000385   Thumb Code     0  _printf_llx.o(.ARM.Collect$$_printf_percent$$00000011)
    _printf_l                                0x0000038b   Thumb Code     0  _printf_l.o(.ARM.Collect$$_printf_percent$$00000012)
    _printf_c                                0x00000395   Thumb Code     0  _printf_c.o(.ARM.Collect$$_printf_percent$$00000013)
    _printf_s                                0x0000039b   Thumb Code     0  _printf_s.o(.ARM.Collect$$_printf_percent$$00000014)
    _printf_lc                               0x000003a1   Thumb Code     0  _printf_lc.o(.ARM.Collect$$_printf_percent$$00000015)
    _printf_ls                               0x000003a7   Thumb Code     0  _printf_ls.o(.ARM.Collect$$_printf_percent$$00000016)
    _printf_percent_end                      0x000003ad   Thumb Code     0  _printf_percent_end.o(.ARM.Collect$$_printf_percent$$00000017)
    __rt_lib_init                            0x000003b1   Thumb Code     0  libinit.o(.ARM.Collect$$libinit$$00000000)
    __rt_lib_init_fp_1                       0x000003b3   Thumb Code     0  libinit2.o(.ARM.Collect$$libinit$$00000001)
    __rt_lib_init_heap_1                     0x000003b7   Thumb Code     0  libinit2.o(.ARM.Collect$$libinit$$0000000A)
    __rt_lib_init_lc_common                  0x000003b7   Thumb Code     0  libinit2.o(.ARM.Collect$$libinit$$0000000F)
    __rt_lib_init_preinit_1                  0x000003b7   Thumb Code     0  libinit2.o(.ARM.Collect$$libinit$$00000004)
    __rt_lib_init_rand_1                     0x000003b7   Thumb Code     0  libinit2.o(.ARM.Collect$$libinit$$0000000E)
    __rt_lib_init_user_alloc_1               0x000003b7   Thumb Code     0  libinit2.o(.ARM.Collect$$libinit$$0000000C)
    __rt_lib_init_lc_collate_1               0x000003bd   Thumb Code     0  libinit2.o(.ARM.Collect$$libinit$$00000011)
    __rt_lib_init_lc_ctype_2                 0x000003bd   Thumb Code     0  libinit2.o(.ARM.Collect$$libinit$$00000012)
    __rt_lib_init_lc_ctype_1                 0x000003c9   Thumb Code     0  libinit2.o(.ARM.Collect$$libinit$$00000013)
    __rt_lib_init_lc_monetary_1              0x000003c9   Thumb Code     0  libinit2.o(.ARM.Collect$$libinit$$00000015)
    __rt_lib_init_lc_numeric_2               0x000003c9   Thumb Code     0  libinit2.o(.ARM.Collect$$libinit$$00000016)
    __rt_lib_init_alloca_1                   0x000003d3   Thumb Code     0  libinit2.o(.ARM.Collect$$libinit$$0000002E)
    __rt_lib_init_argv_1                     0x000003d3   Thumb Code     0  libinit2.o(.ARM.Collect$$libinit$$0000002C)
    __rt_lib_init_atexit_1                   0x000003d3   Thumb Code     0  libinit2.o(.ARM.Collect$$libinit$$0000001B)
    __rt_lib_init_clock_1                    0x000003d3   Thumb Code     0  libinit2.o(.ARM.Collect$$libinit$$00000021)
    __rt_lib_init_cpp_1                      0x000003d3   Thumb Code     0  libinit2.o(.ARM.Collect$$libinit$$00000032)
    __rt_lib_init_exceptions_1               0x000003d3   Thumb Code     0  libinit2.o(.ARM.Collect$$libinit$$00000030)
    __rt_lib_init_fp_trap_1                  0x000003d3   Thumb Code     0  libinit2.o(.ARM.Collect$$libinit$$0000001F)
    __rt_lib_init_getenv_1                   0x000003d3   Thumb Code     0  libinit2.o(.ARM.Collect$$libinit$$00000023)
    __rt_lib_init_lc_numeric_1               0x000003d3   Thumb Code     0  libinit2.o(.ARM.Collect$$libinit$$00000017)
    __rt_lib_init_lc_time_1                  0x000003d3   Thumb Code     0  libinit2.o(.ARM.Collect$$libinit$$00000019)
    __rt_lib_init_return                     0x000003d3   Thumb Code     0  libinit2.o(.ARM.Collect$$libinit$$00000033)
    __rt_lib_init_signal_1                   0x000003d3   Thumb Code     0  libinit2.o(.ARM.Collect$$libinit$$0000001D)
    __rt_lib_init_stdio_1                    0x000003d3   Thumb Code     0  libinit2.o(.ARM.Collect$$libinit$$00000025)
    __rt_lib_shutdown                        0x000003d5   Thumb Code     0  libshutdown.o(.ARM.Collect$$libshutdown$$00000000)
    __rt_lib_shutdown_cpp_1                  0x000003d7   Thumb Code     0  libshutdown2.o(.ARM.Collect$$libshutdown$$00000002)
    __rt_lib_shutdown_fp_trap_1              0x000003d7   Thumb Code     0  libshutdown2.o(.ARM.Collect$$libshutdown$$00000007)
    __rt_lib_shutdown_heap_1                 0x000003d7   Thumb Code     0  libshutdown2.o(.ARM.Collect$$libshutdown$$0000000F)
    __rt_lib_shutdown_return                 0x000003d7   Thumb Code     0  libshutdown2.o(.ARM.Collect$$libshutdown$$00000010)
    __rt_lib_shutdown_signal_1               0x000003d7   Thumb Code     0  libshutdown2.o(.ARM.Collect$$libshutdown$$0000000A)
    __rt_lib_shutdown_stdio_1                0x000003d7   Thumb Code     0  libshutdown2.o(.ARM.Collect$$libshutdown$$00000004)
    __rt_lib_shutdown_user_alloc_1           0x000003d7   Thumb Code     0  libshutdown2.o(.ARM.Collect$$libshutdown$$0000000C)
    __rt_entry                               0x000003d9   Thumb Code     0  __rtentry.o(.ARM.Collect$$rtentry$$00000000)
    __rt_entry_presh_1                       0x000003d9   Thumb Code     0  __rtentry2.o(.ARM.Collect$$rtentry$$00000002)
    __rt_entry_sh                            0x000003d9   Thumb Code     0  __rtentry4.o(.ARM.Collect$$rtentry$$00000004)
    __rt_entry_li                            0x000003df   Thumb Code     0  __rtentry2.o(.ARM.Collect$$rtentry$$0000000A)
    __rt_entry_postsh_1                      0x000003df   Thumb Code     0  __rtentry2.o(.ARM.Collect$$rtentry$$00000009)
    __rt_entry_main                          0x000003e3   Thumb Code     0  __rtentry2.o(.ARM.Collect$$rtentry$$0000000D)
    __rt_entry_postli_1                      0x000003e3   Thumb Code     0  __rtentry2.o(.ARM.Collect$$rtentry$$0000000C)
    __rt_exit                                0x000003eb   Thumb Code     0  rtexit.o(.ARM.Collect$$rtexit$$00000000)
    __rt_exit_ls                             0x000003ed   Thumb Code     0  rtexit2.o(.ARM.Collect$$rtexit$$00000003)
    __rt_exit_prels_1                        0x000003ed   Thumb Code     0  rtexit2.o(.ARM.Collect$$rtexit$$00000002)
    __rt_exit_exit                           0x000003f1   Thumb Code     0  rtexit2.o(.ARM.Collect$$rtexit$$00000004)
    OutStr                                   0x000003f9   Thumb Code     0  outstr.o(.text)
    Reset_Handler                            0x000004e5   Thumb Code     8  startup_tm4c123.o(.text)
    NMI_Handler                              0x000004ed   Thumb Code     2  startup_tm4c123.o(.text)
    HardFault_Handler                        0x000004ef   Thumb Code     2  startup_tm4c123.o(.text)
    MemManage_Handler                        0x000004f1   Thumb Code     2  startup_tm4c123.o(.text)
    BusFault_Handler                         0x000004f3   Thumb Code     2  startup_tm4c123.o(.text)
    UsageFault_Handler                       0x000004f5   Thumb Code     2  startup_tm4c123.o(.text)
    SVC_Handler                              0x000004f7   Thumb Code     2  startup_tm4c123.o(.text)
    DebugMon_Handler                         0x000004f9   Thumb Code     2  startup_tm4c123.o(.text)
    PendSV_Handler                           0x000004fb   Thumb Code     2  startup_tm4c123.o(.text)
    GPIOA_Handler                            0x000004ff   Thumb Code     2  startup_tm4c123.o(.text)
    GPIOC_Handler                            0x00000503   Thumb Code     2  startup_tm4c123.o(.text)
    GPIOD_Handler                            0x00000505   Thumb Code     2  startup_tm4c123.o(.text)
    GPIOE_Handler                            0x00000507   Thumb Code     2  startup_tm4c123.o(.text)
    UART0_Handler                            0x00000509   Thumb Code     2  startup_tm4c123.o(.text)
    UART1_Handler                            0x0000050b   Thumb Code     2  startup_tm4c123.o(.text)
    SSI0_Handler                             0x0000050d   Thumb Code     2  startup_tm4c123.o(.text)
    I2C0_Handler                             0x0000050f   Thumb Code     2  startup_tm4c123.o(.text)
    PMW0_FAULT_Handler                       0x00000511   Thumb Code     2  startup_tm4c123.o(.text)
    PWM0_0_Handler                           0x00000513   Thumb Code     2  startup_tm4c123.o(.text)
    PWM0_1_Handler                           0x00000515   Thumb Code     2  startup_tm4c123.o(.text)
    PWM0_2_Handler                           0x00000517   Thumb Code     2  startup_tm4c123.o(.text)
    QEI0_Handler                             0x00000519   Thumb Code     2  startup_tm4c123.o(.text)
    ADC0SS0_Handler                          0x0000051b   Thumb Code     2  startup_tm4c123.o(.text)
    ADC0SS1_Handler                          0x0000051d   Thumb Code     2  startup_tm4c123.o(.text)
    ADC0SS2_Handler                          0x0000051f   Thumb Code     2  startup_tm4c123.o(.text)
    ADC0SS3_Handler                          0x00000521   Thumb Code     2  startup_tm4c123.o(.text)
    WDT0_Handler                             0x00000523   Thumb Code     2  startup_tm4c123.o(.text)
    TIMER0B_Handler                          0x00000527   Thumb Code     2  startup_tm4c123.o(.text)
    TIMER1B_Handler                          0x0000052b   Thumb Code     2  startup_tm4c123.o(.text)
    TIMER2A_Handler                          0x0000052d   Thumb Code     2  startup_tm4c123.o(.text)
    TIMER2B_Handler                          0x0000052f   Thumb Code     2  startup_tm4c123.o(.text)
    COMP0_Handler                            0x00000531   Thumb Code     2  startup_tm4c123.o(.text)
    COMP2_Handler                            0x00000535   Thumb Code     2  startup_tm4c123.o(.text)
    SYSCTL_Handler                           0x00000537   Thumb Code     2  startup_tm4c123.o(.text)
    FLASH_Handler                            0x00000539   Thumb Code     2  startup_tm4c123.o(.text)
    GPIOF_Handler                            0x0000053b   Thumb Code     2  startup_tm4c123.o(.text)
    GPIOG_Handler                            0x0000053d   Thumb Code     2  startup_tm4c123.o(.text)
    GPIOH_Handler                            0x0000053f   Thumb Code     2  startup_tm4c123.o(.text)
    UART2_Handler                            0x00000541   Thumb Code     2  startup_tm4c123.o(.text)
    SSI1_Handler                             0x00000543   Thumb Code     2  startup_tm4c123.o(.text)
    TIMER3A_Handler                          0x00000545   Thumb Code     2  startup_tm4c123.o(.text)
    TIMER3B_Handler                          0x00000547   Thumb Code     2  startup_tm4c123.o(.text)
    I2C1_Handler                             0x00000549   Thumb Code     2  startup_tm4c123.o(.text)
    QEI1_Handler                             0x0000054b   Thumb Code     2  startup_tm4c123.o(.text)
    CAN0_Handler                             0x0000054d   Thumb Code     2  startup_tm4c123.o(.text)
    CAN1_Handler                             0x0000054f   Thumb Code     2  startup_tm4c123.o(.text)
    CAN2_Handler                             0x00000551   Thumb Code     2  startup_tm4c123.o(.text)
    HIB_Handler                              0x00000553   Thumb Code     2  startup_tm4c123.o(.text)
    USB0_Handler                             0x00000555   Thumb Code     2  startup_tm4c123.o(.text)
    PWM0_3_Handler                           0x00000557   Thumb Code     2  startup_tm4c123.o(.text)
    UDMA_Handler                             0x00000559   Thumb Code     2  startup_tm4c123.o(.text)
    UDMAERR_Handler                          0x0000055b   Thumb Code     2  startup_tm4c123.o(.text)
    ADC1SS0_Handler                          0x0000055d   Thumb Code     2  startup_tm4c123.o(.text)
    ADC1SS1_Handler                          0x0000055f   Thumb Code     2  startup_tm4c123.o(.text)
    ADC1SS2_Handler                          0x00000561   Thumb Code     2  startup_tm4c123.o(.text)
    ADC1SS3_Handler                          0x00000563   Thumb Code     2  startup_tm4c123.o(.text)
    GPIOJ_Handler                            0x00000565   Thumb Code     2  startup_tm4c123.o(.text)
    GPIOK_Handler                            0x00000567   Thumb Code     2  startup_tm4c123.o(.text)
    GPIOL_Handler                            0x00000569   Thumb Code     2  startup_tm4c123.o(.text)
    SSI2_Handler                             0x0000056b   Thumb Code     2  startup_tm4c123.o(.text)
    SSI3_Handler                             0x0000056d   Thumb Code     2  startup_tm4c123.o(.text)
    UART3_Handler                            0x0000056f   Thumb Code     2  startup_tm4c123.o(.text)
    UART4_Handler                            0x00000571   Thumb Code     2  startup_tm4c123.o(.text)
    UART5_Handler                            0x00000573   Thumb Code     2  startup_tm4c123.o(.text)
    UART6_Handler                            0x00000575   Thumb Code     2  startup_tm4c123.o(.text)
    UART7_Handler                            0x00000577   Thumb Code     2  startup_tm4c123.o(.text)
    I2C2_Handler                             0x00000579   Thumb Code     2  startup_tm4c123.o(.text)
    I2C3_Handler                             0x0000057b   Thumb Code     2  startup_tm4c123.o(.text)
    TIMER4A_Handler                          0x0000057d   Thumb Code     2  startup_tm4c123.o(.text)
    TIMER4B_Handler                          0x0000057f   Thumb Code     2  startup_tm4c123.o(.text)
    TIMER5A_Handler                          0x00000581   Thumb Code     2  startup_tm4c123.o(.text)
    TIMER5B_Handler                          0x00000583   Thumb Code     2  startup_tm4c123.o(.text)
    WTIMER0A_Handler                         0x00000585   Thumb Code     2  startup_tm4c123.o(.text)
    WTIMER0B_Handler                         0x00000587   Thumb Code     2  startup_tm4c123.o(.text)
    WTIMER1A_Handler                         0x00000589   Thumb Code     2  startup_tm4c123.o(.text)
    WTIMER1B_Handler                         0x0000058b   Thumb Code     2  startup_tm4c123.o(.text)
    WTIMER2A_Handler                         0x0000058d   Thumb Code     2  startup_tm4c123.o(.text)
    WTIMER2B_Handler                         0x0000058f   Thumb Code     2  startup_tm4c123.o(.text)
    WTIMER3A_Handler                         0x00000591   Thumb Code     2  startup_tm4c123.o(.text)
    WTIMER3B_Handler                         0x00000593   Thumb Code     2  startup_tm4c123.o(.text)
    WTIMER4A_Handler                         0x00000595   Thumb Code     2  startup_tm4c123.o(.text)
    WTIMER4B_Handler                         0x00000597   Thumb Code     2  startup_tm4c123.o(.text)
    WTIMER5A_Handler                         0x00000599   Thumb Code     2  startup_tm4c123.o(.text)
    WTIMER5B_Handler                         0x0000059b   Thumb Code     2  startup_tm4c123.o(.text)
    FPU_Handler                              0x0000059d   Thumb Code     2  startup_tm4c123.o(.text)
    I2C4_Handler                             0x0000059f   Thumb Code     2  startup_tm4c123.o(.text)
    I2C5_Handler                             0x000005a1   Thumb Code     2  startup_tm4c123.o(.text)
    GPIOM_Handler                            0x000005a3   Thumb Code     2  startup_tm4c123.o(.text)
    GPION_Handler                            0x000005a5   Thumb Code     2  startup_tm4c123.o(.text)
    QEI2_Handler                             0x000005a7   Thumb Code     2  startup_tm4c123.o(.text)
    GPIOP0_Handler                           0x000005a9   Thumb Code     2  startup_tm4c123.o(.text)
    GPIOP1_Handler                           0x000005ab   Thumb Code     2  startup_tm4c123.o(.text)
    GPIOP2_Handler                           0x000005ad   Thumb Code     2  startup_tm4c123.o(.text)
    GPIOP3_Handler                           0x000005af   Thumb Code     2  startup_tm4c123.o(.text)
    GPIOP4_Handler                           0x000005b1   Thumb Code     2  startup_tm4c123.o(.text)
    GPIOP5_Handler                           0x000005b3   Thumb Code     2  startup_tm4c123.o(.text)
    GPIOP6_Handler                           0x000005b5   Thumb Code     2  startup_tm4c123.o(.text)
    GPIOP7_Handler                           0x000005b7   Thumb Code     2  startup_tm4c123.o(.text)
    GPIOQ0_Handler                           0x000005b9   Thumb Code     2  startup_tm4c123.o(.text)
    GPIOQ1_Handler                           0x000005bb   Thumb Code     2  startup_tm4c123.o(.text)
    GPIOQ2_Handler                           0x000005bd   Thumb Code     2  startup_tm4c123.o(.text)
    GPIOQ3_Handler                           0x000005bf   Thumb Code     2  startup_tm4c123.o(.text)
    GPIOQ4_Handler                           0x000005c1   Thumb Code     2  startup_tm4c123.o(.text)
    GPIOQ5_Handler                           0x000005c3   Thumb Code     2  startup_tm4c123.o(.text)
    GPIOQ6_Handler                           0x000005c5   Thumb Code     2  startup_tm4c123.o(.text)
    GPIOQ7_Handler                           0x000005c7   Thumb Code     2  startup_tm4c123.o(.text)
    GPIOR_Handler                            0x000005c9   Thumb Code     2  startup_tm4c123.o(.text)
    GPIOS_Handler                            0x000005cb   Thumb Code     2  startup_tm4c123.o(.text)
    PMW1_0_Handler                           0x000005cd   Thumb Code     2  startup_tm4c123.o(.text)
    PWM1_1_Handler                           0x000005cf   Thumb Code     2  startup_tm4c123.o(.text)
    PWM1_2_Handler                           0x000005d1   Thumb Code     2  startup_tm4c123.o(.text)
    PWM1_3_Handler                           0x000005d3   Thumb Code     2  startup_tm4c123.o(.text)
    PWM1_FAULT_Handler                       0x000005d5   Thumb Code     2  startup_tm4c123.o(.text)
    __user_initial_stackheap                 0x000005d9   Thumb Code     0  startup_tm4c123.o(.text)
    vsnprintf                                0x000005f9   Thumb Code    48  vsnprintf.o(.text)
    __2sprintf                               0x0000062d   Thumb Code    38  __2sprintf.o(.text)
    __printf                                 0x00000659   Thumb Code   388  __printf_flags_ss_wp.o(.text)
    strncat                                  0x000007e1   Thumb Code    36  strncat.o(.text)
    strcat                                   0x00000805   Thumb Code    24  strcat.o(.text)
    __use_two_region_memory                  0x0000081d   Thumb Code     2  heapauxi.o(.text)
    __rt_heap_escrow$2region                 0x0000081f   Thumb Code     2  heapauxi.o(.text)
    __rt_heap_expand$2region                 0x00000821   Thumb Code     2  heapauxi.o(.text)
    _printf_pre_padding                      0x00000823   Thumb Code    44  _printf_pad.o(.text)
    _printf_post_padding                     0x0000084f   Thumb Code    34  _printf_pad.o(.text)
    _printf_truncate_signed                  0x00000871   Thumb Code    18  _printf_truncate.o(.text)
    _printf_truncate_unsigned                0x00000883   Thumb Code    18  _printf_truncate.o(.text)
    _printf_str                              0x00000895   Thumb Code    82  _printf_str.o(.text)
    _printf_int_dec                          0x000008e9   Thumb Code   104  _printf_dec.o(.text)
    _printf_charcount                        0x00000961   Thumb Code    40  _printf_charcount.o(.text)
    __lib_sel_fp_printf                      0x00000989   Thumb Code     2  _printf_fp_dec.o(.text)
    _printf_fp_dec_real                      0x00000b3b   Thumb Code   620  _printf_fp_dec.o(.text)
    _printf_char_common                      0x00000db3   Thumb Code    32  _printf_char_common.o(.text)
    _sputc                                   0x00000dd9   Thumb Code    10  _sputc.o(.text)
    _snputc                                  0x00000de3   Thumb Code    16  _snputc.o(.text)
    _printf_wctomb                           0x00000df5   Thumb Code   182  _printf_wctomb.o(.text)
    _printf_longlong_dec                     0x00000eb1   Thumb Code   108  _printf_longlong_dec.o(.text)
    _printf_longlong_oct                     0x00000f2d   Thumb Code    66  _printf_oct_int_ll.o(.text)
    _printf_int_oct                          0x00000f6f   Thumb Code    24  _printf_oct_int_ll.o(.text)
    _printf_ll_oct                           0x00000f87   Thumb Code    12  _printf_oct_int_ll.o(.text)
    _printf_longlong_hex                     0x00000f9d   Thumb Code    86  _printf_hex_int_ll_ptr.o(.text)
    _printf_int_hex                          0x00000ff3   Thumb Code    28  _printf_hex_int_ll_ptr.o(.text)
    _printf_ll_hex                           0x0000100f   Thumb Code    12  _printf_hex_int_ll_ptr.o(.text)
    _printf_hex_ptr                          0x0000101b   Thumb Code    18  _printf_hex_int_ll_ptr.o(.text)
    __rt_locale                              0x00001031   Thumb Code     8  rt_locale_intlibspace.o(.text)
    _ll_udiv10                               0x00001039   Thumb Code   138  lludiv10.o(.text)
    _printf_int_common                       0x000010c3   Thumb Code   178  _printf_intcommon.o(.text)
    _printf_fp_hex_real                      0x00001175   Thumb Code   756  _printf_fp_hex.o(.text)
    _printf_fp_infnan                        0x00001471   Thumb Code   112  _printf_fp_infnan.o(.text)
    _printf_cs_common                        0x000014f1   Thumb Code    20  _printf_char.o(.text)
    _printf_char                             0x00001505   Thumb Code    16  _printf_char.o(.text)
    _printf_string                           0x00001515   Thumb Code     8  _printf_char.o(.text)
    _printf_lcs_common                       0x0000151d   Thumb Code    20  _printf_wchar.o(.text)
    _printf_wchar                            0x00001531   Thumb Code    16  _printf_wchar.o(.text)
    _printf_wstring                          0x00001541   Thumb Code     8  _printf_wchar.o(.text)
    _btod_etento                             0x00001549   Thumb Code   224  bigflt0.o(.text)
    _wcrtomb                                 0x0000162d   Thumb Code    64  _wcrtomb.o(.text)
    __user_libspace                          0x0000166d   Thumb Code     8  libspace.o(.text)
    __user_perproc_libspace                  0x0000166d   Thumb Code     0  libspace.o(.text)
    __user_perthread_libspace                0x0000166d   Thumb Code     0  libspace.o(.text)
    __user_setup_stackheap                   0x00001675   Thumb Code    74  sys_stackheap_outer.o(.text)
    __rt_ctype_table                         0x000016c1   Thumb Code    16  rt_ctype_table.o(.text)
    exit                                     0x000016d1   Thumb Code    18  exit.o(.text)
    strcmp                                   0x000016e5   Thumb Code   128  strcmpv7m.o(.text)
    _sys_exit                                0x00001765   Thumb Code     8  sys_exit.o(.text)
    __I$use$semihosting                      0x00001771   Thumb Code     0  use_no_semi.o(.text)
    __use_no_semihosting_swi                 0x00001771   Thumb Code     2  use_no_semi.o(.text)
    __semihosting_library_function           0x00001773   Thumb Code     0  indicate_semi.o(.text)
    _btod_d2e                                0x00001773   Thumb Code    62  btod.o(CL$$btod_d2e)
    _d2e_denorm_low                          0x000017b1   Thumb Code    70  btod.o(CL$$btod_d2e_denorm_low)
    _d2e_norm_op1                            0x000017f7   Thumb Code    96  btod.o(CL$$btod_d2e_norm_op1)
    __btod_div_common                        0x00001857   Thumb Code   696  btod.o(CL$$btod_div_common)
    _e2e                                     0x00001b8f   Thumb Code   220  btod.o(CL$$btod_e2e)
    _btod_ediv                               0x00001c6b   Thumb Code    42  btod.o(CL$$btod_ediv)
    _btod_emul                               0x00001c95   Thumb Code    42  btod.o(CL$$btod_emul)
    __btod_mult_common                       0x00001cbf   Thumb Code   580  btod.o(CL$$btod_mult_common)
    BMP280_ConvertToCelsius                  0x00001f05   Thumb Code    80  main.o(i.BMP280_ConvertToCelsius)
    BMP280_Init                              0x00001f65   Thumb Code    18  main.o(i.BMP280_Init)
    BMP280_ReadCalibrationData               0x00001f79   Thumb Code   130  main.o(i.BMP280_ReadCalibrationData)
    BMP280_ReadRawTemperature                0x00002009   Thumb Code    64  main.o(i.BMP280_ReadRawTemperature)
    BMP280_ReadTemperature                   0x00002049   Thumb Code    78  main.o(i.BMP280_ReadTemperature)
    COMP1_Handler                            0x000020a1   Thumb Code    74  main.o(i.COMP1_Handler)
    GPIOB_Handler                            0x00002109   Thumb Code   230  main.o(i.GPIOB_Handler)
    I2C_Init                                 0x0000222d   Thumb Code    96  main.o(i.I2C_Init)
    I2C_ReadByte                             0x0000229d   Thumb Code   116  main.o(i.I2C_ReadByte)
    I2C_WriteByte                            0x00002345   Thumb Code   104  main.o(i.I2C_WriteByte)
    Info_Screen                              0x000023e1   Thumb Code   156  main.o(i.Info_Screen)
    Init_ACOMP1                              0x000024d5   Thumb Code   168  main.o(i.Init_ACOMP1)
    Init_LM35                                0x00002595   Thumb Code   164  main.o(i.Init_LM35)
    Init_PowerLED                            0x0000264d   Thumb Code    70  main.o(i.Init_PowerLED)
    Init_SysTick                             0x000026a5   Thumb Code    16  main.o(i.Init_SysTick)
    Keypad_Init                              0x000026b5   Thumb Code   216  main.o(i.Keypad_Init)
    Keypad_Scan                              0x000027a9   Thumb Code   116  main.o(i.Keypad_Scan)
    LM35_Read_Temperature                    0x0000282d   Thumb Code    80  main.o(i.LM35_Read_Temperature)
    Nokia5110_Clear                          0x00002889   Thumb Code    32  nokia5110.o(i.Nokia5110_Clear)
    Nokia5110_DrawFullImage                  0x000028a9   Thumb Code    34  nokia5110.o(i.Nokia5110_DrawFullImage)
    Nokia5110_Init                           0x000028cd   Thumb Code   306  nokia5110.o(i.Nokia5110_Init)
    Nokia5110_OutChar                        0x00002a25   Thumb Code    52  nokia5110.o(i.Nokia5110_OutChar)
    Nokia5110_OutString                      0x00002a5d   Thumb Code    22  nokia5110.o(i.Nokia5110_OutString)
    Nokia5110_SetCursor                      0x00002a73   Thumb Code    46  nokia5110.o(i.Nokia5110_SetCursor)
    Speaker_Init                             0x00002aa1   Thumb Code   126  main.o(i.Speaker_Init)
    Speaker_SetFrequency                     0x00002b39   Thumb Code   166  main.o(i.Speaker_SetFrequency)
    Speaker_Start                            0x00002bfd   Thumb Code    14  main.o(i.Speaker_Start)
    Speaker_Stop                             0x00002c11   Thumb Code    28  main.o(i.Speaker_Stop)
    Speaker_Works                            0x00002c39   Thumb Code    42  main.o(i.Speaker_Works)
    SysTick_Handler                          0x00002c69   Thumb Code    12  main.o(i.SysTick_Handler)
    SystemInit                               0x00002c79   Thumb Code    14  system_tm4c123.o(i.SystemInit)
    TIMER0A_Handler                          0x00002c8d   Thumb Code    52  main.o(i.TIMER0A_Handler)
    TIMER1A_Handler                          0x00002cdd   Thumb Code    22  main.o(i.TIMER1A_Handler)
    __ARM_fpclassify                         0x00002d01   Thumb Code    48  fpclassify.o(i.__ARM_fpclassify)
    _is_digit                                0x00002d59   Thumb Code    14  __printf_wp.o(i._is_digit)
    arrange_leds                             0x00002d69   Thumb Code   234  main.o(i.arrange_leds)
    delay_ms                                 0x00002e75   Thumb Code    18  main.o(i.delay_ms)
    distance_init                            0x00002e8d   Thumb Code   346  main.o(i.distance_init)
    draw_graph                               0x00003001   Thumb Code   340  main.o(i.draw_graph)
    forwardstep                              0x00003179   Thumb Code    70  main.o(i.forwardstep)
    main                                     0x00003219   Thumb Code   558  main.o(i.main)
    measure_pulse                            0x000034b9   Thumb Code   232  main.o(i.measure_pulse)
    motor_init                               0x000035c9   Thumb Code    90  main.o(i.motor_init)
    objectdetection                          0x00003635   Thumb Code    56  main.o(i.objectdetection)
    print                                    0x0000366d   Thumb Code    60  main.o(i.print)
    set_bit                                  0x000036b5   Thumb Code    48  main.o(i.set_bit)
    turnback                                 0x000036e5   Thumb Code    84  main.o(i.turnback)
    _get_lc_numeric                          0x00003745   Thumb Code    44  lc_numeric_c.o(locale$$code)
    _get_lc_ctype                            0x00003771   Thumb Code    44  lc_ctype_c.o(locale$$code)
    __aeabi_d2f                              0x0000379d   Thumb Code     0  d2f.o(x$fpl$d2f)
    _d2f                                     0x0000379d   Thumb Code    98  d2f.o(x$fpl$d2f)
    __aeabi_dadd                             0x00003801   Thumb Code     0  daddsub_clz.o(x$fpl$dadd)
    _dadd                                    0x00003801   Thumb Code   332  daddsub_clz.o(x$fpl$dadd)
    __fpl_dcmp_Inf                           0x00003951   Thumb Code    24  dcmpi.o(x$fpl$dcmpinf)
    __aeabi_ddiv                             0x00003969   Thumb Code     0  ddiv.o(x$fpl$ddiv)
    _ddiv                                    0x00003969   Thumb Code   552  ddiv.o(x$fpl$ddiv)
    __aeabi_d2iz                             0x00003c19   Thumb Code     0  dfix.o(x$fpl$dfix)
    _dfix                                    0x00003c19   Thumb Code    94  dfix.o(x$fpl$dfix)
    __aeabi_ui2d                             0x00003c77   Thumb Code     0  dflt_clz.o(x$fpl$dfltu)
    _dfltu                                   0x00003c77   Thumb Code    38  dflt_clz.o(x$fpl$dfltu)
    __aeabi_cdcmple                          0x00003c9d   Thumb Code     0  dleqf.o(x$fpl$dleqf)
    _dcmple                                  0x00003c9d   Thumb Code   120  dleqf.o(x$fpl$dleqf)
    __fpl_dcmple_InfNaN                      0x00003cff   Thumb Code     0  dleqf.o(x$fpl$dleqf)
    __aeabi_dmul                             0x00003d15   Thumb Code     0  dmul.o(x$fpl$dmul)
    _dmul                                    0x00003d15   Thumb Code   332  dmul.o(x$fpl$dmul)
    __fpl_dnaninf                            0x00003e69   Thumb Code   156  dnaninf.o(x$fpl$dnaninf)
    __fpl_dretinf                            0x00003f05   Thumb Code    12  dretinf.o(x$fpl$dretinf)
    __aeabi_cdrcmple                         0x00003f11   Thumb Code     0  drleqf.o(x$fpl$drleqf)
    _drcmple                                 0x00003f11   Thumb Code   108  drleqf.o(x$fpl$drleqf)
    __aeabi_dsub                             0x00003f7d   Thumb Code     0  daddsub_clz.o(x$fpl$dsub)
    _dsub                                    0x00003f7d   Thumb Code   464  daddsub_clz.o(x$fpl$dsub)
    __aeabi_f2d                              0x00004151   Thumb Code     0  f2d.o(x$fpl$f2d)
    _f2d                                     0x00004151   Thumb Code    86  f2d.o(x$fpl$f2d)
    __fpl_fnaninf                            0x000041a7   Thumb Code   140  fnaninf.o(x$fpl$fnaninf)
    _fp_init                                 0x00004233   Thumb Code    10  fpinit.o(x$fpl$fpinit)
    __fplib_config_fpu_vfp                   0x0000423b   Thumb Code     0  fpinit.o(x$fpl$fpinit)
    __fplib_config_pureend_doubles           0x0000423b   Thumb Code     0  fpinit.o(x$fpl$fpinit)
    __fpl_fretinf                            0x0000423d   Thumb Code    10  fretinf.o(x$fpl$fretinf)
    _printf_fp_dec                           0x00004247   Thumb Code     4  printf1.o(x$fpl$printf1)
    _printf_fp_hex                           0x0000424b   Thumb Code     4  printf2.o(x$fpl$printf2)
    __I$use$fp                               0x0000424e   Number         0  usenofp.o(x$fpl$usenofp)
    keypad_map                               0x0000442e   Data          16  main.o(.constdata)
    Region$$Table$$Base                      0x0000471c   Number         0  anon$$obj.o(Region$$Table)
    Region$$Table$$Limit                     0x0000473c   Number         0  anon$$obj.o(Region$$Table)
    __ctype                                  0x00004765   Data           0  lc_ctype_c.o(locale$$data)
    dig_T1                                   0x20000000   Data           2  main.o(.data)
    dig_T2                                   0x20000002   Data           2  main.o(.data)
    dig_T3                                   0x20000004   Data           2  main.o(.data)
    ms                                       0x20000008   Data           4  main.o(.data)
    LM35_Temperature                         0x2000000c   Data           4  main.o(.data)
    BMP280_Temperature                       0x20000010   Data           4  main.o(.data)
    Digital_Temperature_Threshold            0x20000014   Data           4  main.o(.data)
    angle                                    0x20000018   Data         132  main.o(.data)
    keypad_read_value                        0x2000009c   Data           1  main.o(.data)
    switch_screen                            0x2000009d   Data           1  main.o(.data)
    Deep_Sleep_Mode                          0x2000009e   Data           1  main.o(.data)
    Once_Flag                                0x2000009f   Data           1  main.o(.data)
    coss                                     0x200000a0   Data         132  main.o(.data)
    sins                                     0x20000124   Data         132  main.o(.data)
    buffer                                   0x200001a8   Data         100  main.o(.bss)
    x_val                                    0x2000020c   Data         132  main.o(.bss)
    y_val                                    0x20000290   Data         132  main.o(.bss)
    graphic                                  0x20000314   Data         504  main.o(.bss)
    __libspace_start                         0x2000070c   Data          96  libspace.o(.bss)
    __temporary_stack_top$libspace           0x2000076c   Data           0  libspace.o(.bss)



==============================================================================

Memory Map of the image

  Image Entry point : 0x000004e5

  Load Region LR_1 (Base: 0x00000000, Size: 0x00004a10, Max: 0xffffffff, ABSOLUTE, COMPRESSED[0x00004968])

    Execution Region ER_RO (Exec base: 0x00000000, Load base: 0x00000000, Size: 0x00004868, Max: 0xffffffff, ABSOLUTE)

    Exec Addr    Load Addr    Size         Type   Attr      Idx    E Section Name        Object

    0x00000000   0x00000000   0x0000026c   Data   RO          406    RESET               startup_tm4c123.o
    0x0000026c   0x0000026c   0x00000008   Code   RO          497  * !!!main             c_w.l(__main.o)
    0x00000274   0x00000274   0x00000034   Code   RO          838    !!!scatter          c_w.l(__scatter.o)
    0x000002a8   0x000002a8   0x0000005a   Code   RO          836    !!dczerorl2         c_w.l(__dczerorl2.o)
    0x00000302   0x00000302   0x00000002   PAD
    0x00000304   0x00000304   0x0000001c   Code   RO          840    !!handler_zi        c_w.l(__scatter_zi.o)
    0x00000320   0x00000320   0x00000000   Code   RO          490    .ARM.Collect$$_printf_percent$$00000000  c_w.l(_printf_percent.o)
    0x00000320   0x00000320   0x00000006   Code   RO          584    .ARM.Collect$$_printf_percent$$00000001  c_w.l(_printf_n.o)
    0x00000326   0x00000326   0x00000006   Code   RO          586    .ARM.Collect$$_printf_percent$$00000002  c_w.l(_printf_p.o)
    0x0000032c   0x0000032c   0x00000006   Code   RO          489    .ARM.Collect$$_printf_percent$$00000003  c_w.l(_printf_f.o)
    0x00000332   0x00000332   0x00000006   Code   RO          591    .ARM.Collect$$_printf_percent$$00000004  c_w.l(_printf_e.o)
    0x00000338   0x00000338   0x00000006   Code   RO          592    .ARM.Collect$$_printf_percent$$00000005  c_w.l(_printf_g.o)
    0x0000033e   0x0000033e   0x00000006   Code   RO          593    .ARM.Collect$$_printf_percent$$00000006  c_w.l(_printf_a.o)
    0x00000344   0x00000344   0x0000000a   Code   RO          598    .ARM.Collect$$_printf_percent$$00000007  c_w.l(_printf_ll.o)
    0x0000034e   0x0000034e   0x00000006   Code   RO          588    .ARM.Collect$$_printf_percent$$00000008  c_w.l(_printf_i.o)
    0x00000354   0x00000354   0x00000006   Code   RO          589    .ARM.Collect$$_printf_percent$$00000009  c_w.l(_printf_d.o)
    0x0000035a   0x0000035a   0x00000006   Code   RO          590    .ARM.Collect$$_printf_percent$$0000000A  c_w.l(_printf_u.o)
    0x00000360   0x00000360   0x00000006   Code   RO          587    .ARM.Collect$$_printf_percent$$0000000B  c_w.l(_printf_o.o)
    0x00000366   0x00000366   0x00000006   Code   RO          585    .ARM.Collect$$_printf_percent$$0000000C  c_w.l(_printf_x.o)
    0x0000036c   0x0000036c   0x00000006   Code   RO          595    .ARM.Collect$$_printf_percent$$0000000D  c_w.l(_printf_lli.o)
    0x00000372   0x00000372   0x00000006   Code   RO          596    .ARM.Collect$$_printf_percent$$0000000E  c_w.l(_printf_lld.o)
    0x00000378   0x00000378   0x00000006   Code   RO          597    .ARM.Collect$$_printf_percent$$0000000F  c_w.l(_printf_llu.o)
    0x0000037e   0x0000037e   0x00000006   Code   RO          602    .ARM.Collect$$_printf_percent$$00000010  c_w.l(_printf_llo.o)
    0x00000384   0x00000384   0x00000006   Code   RO          603    .ARM.Collect$$_printf_percent$$00000011  c_w.l(_printf_llx.o)
    0x0000038a   0x0000038a   0x0000000a   Code   RO          599    .ARM.Collect$$_printf_percent$$00000012  c_w.l(_printf_l.o)
    0x00000394   0x00000394   0x00000006   Code   RO          582    .ARM.Collect$$_printf_percent$$00000013  c_w.l(_printf_c.o)
    0x0000039a   0x0000039a   0x00000006   Code   RO          583    .ARM.Collect$$_printf_percent$$00000014  c_w.l(_printf_s.o)
    0x000003a0   0x000003a0   0x00000006   Code   RO          600    .ARM.Collect$$_printf_percent$$00000015  c_w.l(_printf_lc.o)
    0x000003a6   0x000003a6   0x00000006   Code   RO          601    .ARM.Collect$$_printf_percent$$00000016  c_w.l(_printf_ls.o)
    0x000003ac   0x000003ac   0x00000004   Code   RO          594    .ARM.Collect$$_printf_percent$$00000017  c_w.l(_printf_percent_end.o)
    0x000003b0   0x000003b0   0x00000002   Code   RO          706    .ARM.Collect$$libinit$$00000000  c_w.l(libinit.o)
    0x000003b2   0x000003b2   0x00000004   Code   RO          707    .ARM.Collect$$libinit$$00000001  c_w.l(libinit2.o)
    0x000003b6   0x000003b6   0x00000000   Code   RO          710    .ARM.Collect$$libinit$$00000004  c_w.l(libinit2.o)
    0x000003b6   0x000003b6   0x00000000   Code   RO          713    .ARM.Collect$$libinit$$0000000A  c_w.l(libinit2.o)
    0x000003b6   0x000003b6   0x00000000   Code   RO          715    .ARM.Collect$$libinit$$0000000C  c_w.l(libinit2.o)
    0x000003b6   0x000003b6   0x00000000   Code   RO          717    .ARM.Collect$$libinit$$0000000E  c_w.l(libinit2.o)
    0x000003b6   0x000003b6   0x00000006   Code   RO          718    .ARM.Collect$$libinit$$0000000F  c_w.l(libinit2.o)
    0x000003bc   0x000003bc   0x00000000   Code   RO          720    .ARM.Collect$$libinit$$00000011  c_w.l(libinit2.o)
    0x000003bc   0x000003bc   0x0000000c   Code   RO          721    .ARM.Collect$$libinit$$00000012  c_w.l(libinit2.o)
    0x000003c8   0x000003c8   0x00000000   Code   RO          722    .ARM.Collect$$libinit$$00000013  c_w.l(libinit2.o)
    0x000003c8   0x000003c8   0x00000000   Code   RO          724    .ARM.Collect$$libinit$$00000015  c_w.l(libinit2.o)
    0x000003c8   0x000003c8   0x0000000a   Code   RO          725    .ARM.Collect$$libinit$$00000016  c_w.l(libinit2.o)
    0x000003d2   0x000003d2   0x00000000   Code   RO          726    .ARM.Collect$$libinit$$00000017  c_w.l(libinit2.o)
    0x000003d2   0x000003d2   0x00000000   Code   RO          728    .ARM.Collect$$libinit$$00000019  c_w.l(libinit2.o)
    0x000003d2   0x000003d2   0x00000000   Code   RO          730    .ARM.Collect$$libinit$$0000001B  c_w.l(libinit2.o)
    0x000003d2   0x000003d2   0x00000000   Code   RO          732    .ARM.Collect$$libinit$$0000001D  c_w.l(libinit2.o)
    0x000003d2   0x000003d2   0x00000000   Code   RO          734    .ARM.Collect$$libinit$$0000001F  c_w.l(libinit2.o)
    0x000003d2   0x000003d2   0x00000000   Code   RO          736    .ARM.Collect$$libinit$$00000021  c_w.l(libinit2.o)
    0x000003d2   0x000003d2   0x00000000   Code   RO          738    .ARM.Collect$$libinit$$00000023  c_w.l(libinit2.o)
    0x000003d2   0x000003d2   0x00000000   Code   RO          740    .ARM.Collect$$libinit$$00000025  c_w.l(libinit2.o)
    0x000003d2   0x000003d2   0x00000000   Code   RO          744    .ARM.Collect$$libinit$$0000002C  c_w.l(libinit2.o)
    0x000003d2   0x000003d2   0x00000000   Code   RO          746    .ARM.Collect$$libinit$$0000002E  c_w.l(libinit2.o)
    0x000003d2   0x000003d2   0x00000000   Code   RO          748    .ARM.Collect$$libinit$$00000030  c_w.l(libinit2.o)
    0x000003d2   0x000003d2   0x00000000   Code   RO          750    .ARM.Collect$$libinit$$00000032  c_w.l(libinit2.o)
    0x000003d2   0x000003d2   0x00000002   Code   RO          751    .ARM.Collect$$libinit$$00000033  c_w.l(libinit2.o)
    0x000003d4   0x000003d4   0x00000002   Code   RO          784    .ARM.Collect$$libshutdown$$00000000  c_w.l(libshutdown.o)
    0x000003d6   0x000003d6   0x00000000   Code   RO          795    .ARM.Collect$$libshutdown$$00000002  c_w.l(libshutdown2.o)
    0x000003d6   0x000003d6   0x00000000   Code   RO          797    .ARM.Collect$$libshutdown$$00000004  c_w.l(libshutdown2.o)
    0x000003d6   0x000003d6   0x00000000   Code   RO          800    .ARM.Collect$$libshutdown$$00000007  c_w.l(libshutdown2.o)
    0x000003d6   0x000003d6   0x00000000   Code   RO          803    .ARM.Collect$$libshutdown$$0000000A  c_w.l(libshutdown2.o)
    0x000003d6   0x000003d6   0x00000000   Code   RO          805    .ARM.Collect$$libshutdown$$0000000C  c_w.l(libshutdown2.o)
    0x000003d6   0x000003d6   0x00000000   Code   RO          808    .ARM.Collect$$libshutdown$$0000000F  c_w.l(libshutdown2.o)
    0x000003d6   0x000003d6   0x00000002   Code   RO          809    .ARM.Collect$$libshutdown$$00000010  c_w.l(libshutdown2.o)
    0x000003d8   0x000003d8   0x00000000   Code   RO          531    .ARM.Collect$$rtentry$$00000000  c_w.l(__rtentry.o)
    0x000003d8   0x000003d8   0x00000000   Code   RO          622    .ARM.Collect$$rtentry$$00000002  c_w.l(__rtentry2.o)
    0x000003d8   0x000003d8   0x00000006   Code   RO          634    .ARM.Collect$$rtentry$$00000004  c_w.l(__rtentry4.o)
    0x000003de   0x000003de   0x00000000   Code   RO          624    .ARM.Collect$$rtentry$$00000009  c_w.l(__rtentry2.o)
    0x000003de   0x000003de   0x00000004   Code   RO          625    .ARM.Collect$$rtentry$$0000000A  c_w.l(__rtentry2.o)
    0x000003e2   0x000003e2   0x00000000   Code   RO          627    .ARM.Collect$$rtentry$$0000000C  c_w.l(__rtentry2.o)
    0x000003e2   0x000003e2   0x00000008   Code   RO          628    .ARM.Collect$$rtentry$$0000000D  c_w.l(__rtentry2.o)
    0x000003ea   0x000003ea   0x00000002   Code   RO          752    .ARM.Collect$$rtexit$$00000000  c_w.l(rtexit.o)
    0x000003ec   0x000003ec   0x00000000   Code   RO          762    .ARM.Collect$$rtexit$$00000002  c_w.l(rtexit2.o)
    0x000003ec   0x000003ec   0x00000004   Code   RO          763    .ARM.Collect$$rtexit$$00000003  c_w.l(rtexit2.o)
    0x000003f0   0x000003f0   0x00000006   Code   RO          764    .ARM.Collect$$rtexit$$00000004  c_w.l(rtexit2.o)
    0x000003f6   0x000003f6   0x00000002   PAD
    0x000003f8   0x000003f8   0x000000ec   Code   RO          326    .text               outstr.o
    0x000004e4   0x000004e4   0x00000114   Code   RO          407  * .text               startup_tm4c123.o
    0x000005f8   0x000005f8   0x00000034   Code   RO          461    .text               c_w.l(vsnprintf.o)
    0x0000062c   0x0000062c   0x0000002c   Code   RO          463    .text               c_w.l(__2sprintf.o)
    0x00000658   0x00000658   0x00000188   Code   RO          486    .text               c_w.l(__printf_flags_ss_wp.o)
    0x000007e0   0x000007e0   0x00000024   Code   RO          491    .text               c_w.l(strncat.o)
    0x00000804   0x00000804   0x00000018   Code   RO          493    .text               c_w.l(strcat.o)
    0x0000081c   0x0000081c   0x00000006   Code   RO          495    .text               c_w.l(heapauxi.o)
    0x00000822   0x00000822   0x0000004e   Code   RO          532    .text               c_w.l(_printf_pad.o)
    0x00000870   0x00000870   0x00000024   Code   RO          534    .text               c_w.l(_printf_truncate.o)
    0x00000894   0x00000894   0x00000052   Code   RO          536    .text               c_w.l(_printf_str.o)
    0x000008e6   0x000008e6   0x00000002   PAD
    0x000008e8   0x000008e8   0x00000078   Code   RO          538    .text               c_w.l(_printf_dec.o)
    0x00000960   0x00000960   0x00000028   Code   RO          540    .text               c_w.l(_printf_charcount.o)
    0x00000988   0x00000988   0x0000041e   Code   RO          542    .text               c_w.l(_printf_fp_dec.o)
    0x00000da6   0x00000da6   0x00000002   PAD
    0x00000da8   0x00000da8   0x00000030   Code   RO          544    .text               c_w.l(_printf_char_common.o)
    0x00000dd8   0x00000dd8   0x0000000a   Code   RO          546    .text               c_w.l(_sputc.o)
    0x00000de2   0x00000de2   0x00000010   Code   RO          548    .text               c_w.l(_snputc.o)
    0x00000df2   0x00000df2   0x00000002   PAD
    0x00000df4   0x00000df4   0x000000bc   Code   RO          550    .text               c_w.l(_printf_wctomb.o)
    0x00000eb0   0x00000eb0   0x0000007c   Code   RO          553    .text               c_w.l(_printf_longlong_dec.o)
    0x00000f2c   0x00000f2c   0x00000070   Code   RO          559    .text               c_w.l(_printf_oct_int_ll.o)
    0x00000f9c   0x00000f9c   0x00000094   Code   RO          579    .text               c_w.l(_printf_hex_int_ll_ptr.o)
    0x00001030   0x00001030   0x00000008   Code   RO          639    .text               c_w.l(rt_locale_intlibspace.o)
    0x00001038   0x00001038   0x0000008a   Code   RO          641    .text               c_w.l(lludiv10.o)
    0x000010c2   0x000010c2   0x000000b2   Code   RO          643    .text               c_w.l(_printf_intcommon.o)
    0x00001174   0x00001174   0x000002fc   Code   RO          645    .text               c_w.l(_printf_fp_hex.o)
    0x00001470   0x00001470   0x00000080   Code   RO          648    .text               c_w.l(_printf_fp_infnan.o)
    0x000014f0   0x000014f0   0x0000002c   Code   RO          652    .text               c_w.l(_printf_char.o)
    0x0000151c   0x0000151c   0x0000002c   Code   RO          654    .text               c_w.l(_printf_wchar.o)
    0x00001548   0x00001548   0x000000e4   Code   RO          656    .text               c_w.l(bigflt0.o)
    0x0000162c   0x0000162c   0x00000040   Code   RO          681    .text               c_w.l(_wcrtomb.o)
    0x0000166c   0x0000166c   0x00000008   Code   RO          690    .text               c_w.l(libspace.o)
    0x00001674   0x00001674   0x0000004a   Code   RO          693    .text               c_w.l(sys_stackheap_outer.o)
    0x000016be   0x000016be   0x00000002   PAD
    0x000016c0   0x000016c0   0x00000010   Code   RO          695    .text               c_w.l(rt_ctype_table.o)
    0x000016d0   0x000016d0   0x00000012   Code   RO          697    .text               c_w.l(exit.o)
    0x000016e2   0x000016e2   0x00000002   PAD
    0x000016e4   0x000016e4   0x00000080   Code   RO          699    .text               c_w.l(strcmpv7m.o)
    0x00001764   0x00001764   0x0000000c   Code   RO          774    .text               c_w.l(sys_exit.o)
    0x00001770   0x00001770   0x00000002   Code   RO          785    .text               c_w.l(use_no_semi.o)
    0x00001772   0x00001772   0x00000000   Code   RO          787    .text               c_w.l(indicate_semi.o)
    0x00001772   0x00001772   0x0000003e   Code   RO          659    CL$$btod_d2e        c_w.l(btod.o)
    0x000017b0   0x000017b0   0x00000046   Code   RO          661    CL$$btod_d2e_denorm_low  c_w.l(btod.o)
    0x000017f6   0x000017f6   0x00000060   Code   RO          660    CL$$btod_d2e_norm_op1  c_w.l(btod.o)
    0x00001856   0x00001856   0x00000338   Code   RO          669    CL$$btod_div_common  c_w.l(btod.o)
    0x00001b8e   0x00001b8e   0x000000dc   Code   RO          666    CL$$btod_e2e        c_w.l(btod.o)
    0x00001c6a   0x00001c6a   0x0000002a   Code   RO          663    CL$$btod_ediv       c_w.l(btod.o)
    0x00001c94   0x00001c94   0x0000002a   Code   RO          662    CL$$btod_emul       c_w.l(btod.o)
    0x00001cbe   0x00001cbe   0x00000244   Code   RO          668    CL$$btod_mult_common  c_w.l(btod.o)
    0x00001f02   0x00001f02   0x00000002   PAD
    0x00001f04   0x00001f04   0x00000060   Code   RO            4    i.BMP280_ConvertToCelsius  main.o
    0x00001f64   0x00001f64   0x00000012   Code   RO            5    i.BMP280_Init       main.o
    0x00001f76   0x00001f76   0x00000002   PAD
    0x00001f78   0x00001f78   0x00000090   Code   RO            6    i.BMP280_ReadCalibrationData  main.o
    0x00002008   0x00002008   0x00000040   Code   RO            7    i.BMP280_ReadRawTemperature  main.o
    0x00002048   0x00002048   0x00000058   Code   RO            8    i.BMP280_ReadTemperature  main.o
    0x000020a0   0x000020a0   0x00000068   Code   RO            9    i.COMP1_Handler     main.o
    0x00002108   0x00002108   0x00000124   Code   RO           10    i.GPIOB_Handler     main.o
    0x0000222c   0x0000222c   0x00000070   Code   RO           11    i.I2C_Init          main.o
    0x0000229c   0x0000229c   0x000000a8   Code   RO           12    i.I2C_ReadByte      main.o
    0x00002344   0x00002344   0x0000009c   Code   RO           13    i.I2C_WriteByte     main.o
    0x000023e0   0x000023e0   0x000000f4   Code   RO           14    i.Info_Screen       main.o
    0x000024d4   0x000024d4   0x000000c0   Code   RO           15    i.Init_ACOMP1       main.o
    0x00002594   0x00002594   0x000000b8   Code   RO           16    i.Init_LM35         main.o
    0x0000264c   0x0000264c   0x00000058   Code   RO           17    i.Init_PowerLED     main.o
    0x000026a4   0x000026a4   0x00000010   Code   RO           18    i.Init_SysTick      main.o
    0x000026b4   0x000026b4   0x000000f4   Code   RO           19    i.Keypad_Init       main.o
    0x000027a8   0x000027a8   0x00000084   Code   RO           20    i.Keypad_Scan       main.o
    0x0000282c   0x0000282c   0x0000005c   Code   RO           21    i.LM35_Read_Temperature  main.o
    0x00002888   0x00002888   0x00000020   Code   RO          329    i.Nokia5110_Clear   nokia5110.o
    0x000028a8   0x000028a8   0x00000022   Code   RO          332    i.Nokia5110_DrawFullImage  nokia5110.o
    0x000028ca   0x000028ca   0x00000002   PAD
    0x000028cc   0x000028cc   0x00000158   Code   RO          333    i.Nokia5110_Init    nokia5110.o
    0x00002a24   0x00002a24   0x00000038   Code   RO          334    i.Nokia5110_OutChar  nokia5110.o
    0x00002a5c   0x00002a5c   0x00000016   Code   RO          335    i.Nokia5110_OutString  nokia5110.o
    0x00002a72   0x00002a72   0x0000002e   Code   RO          338    i.Nokia5110_SetCursor  nokia5110.o
    0x00002aa0   0x00002aa0   0x00000098   Code   RO           22    i.Speaker_Init      main.o
    0x00002b38   0x00002b38   0x000000c4   Code   RO           23    i.Speaker_SetFrequency  main.o
    0x00002bfc   0x00002bfc   0x00000014   Code   RO           24    i.Speaker_Start     main.o
    0x00002c10   0x00002c10   0x00000028   Code   RO           25    i.Speaker_Stop      main.o
    0x00002c38   0x00002c38   0x00000030   Code   RO           26    i.Speaker_Works     main.o
    0x00002c68   0x00002c68   0x00000010   Code   RO           27    i.SysTick_Handler   main.o
    0x00002c78   0x00002c78   0x00000014   Code   RO          415    i.SystemInit        system_tm4c123.o
    0x00002c8c   0x00002c8c   0x00000050   Code   RO           28    i.TIMER0A_Handler   main.o
    0x00002cdc   0x00002cdc   0x00000024   Code   RO           29    i.TIMER1A_Handler   main.o
    0x00002d00   0x00002d00   0x00000030   Code   RO          688    i.__ARM_fpclassify  m_wm.l(fpclassify.o)
    0x00002d30   0x00002d30   0x00000028   Code   RO           30    i.__NVIC_SetPriority  main.o
    0x00002d58   0x00002d58   0x0000000e   Code   RO          479    i._is_digit         c_w.l(__printf_wp.o)
    0x00002d66   0x00002d66   0x00000002   PAD
    0x00002d68   0x00002d68   0x0000010c   Code   RO           31    i.arrange_leds      main.o
    0x00002e74   0x00002e74   0x00000018   Code   RO           32    i.delay_ms          main.o
    0x00002e8c   0x00002e8c   0x00000174   Code   RO           33    i.distance_init     main.o
    0x00003000   0x00003000   0x00000178   Code   RO           34    i.draw_graph        main.o
    0x00003178   0x00003178   0x00000054   Code   RO           35    i.forwardstep       main.o
    0x000031cc   0x000031cc   0x0000004c   Code   RO          339    i.lcdwrite          nokia5110.o
    0x00003218   0x00003218   0x000002a0   Code   RO           36    i.main              main.o
    0x000034b8   0x000034b8   0x00000110   Code   RO           37    i.measure_pulse     main.o
    0x000035c8   0x000035c8   0x0000006c   Code   RO           38    i.motor_init        main.o
    0x00003634   0x00003634   0x00000038   Code   RO           39    i.objectdetection   main.o
    0x0000366c   0x0000366c   0x00000048   Code   RO           40    i.print             main.o
    0x000036b4   0x000036b4   0x00000030   Code   RO           41    i.set_bit           main.o
    0x000036e4   0x000036e4   0x00000060   Code   RO           42    i.turnback          main.o
    0x00003744   0x00003744   0x0000002c   Code   RO          684    locale$$code        c_w.l(lc_numeric_c.o)
    0x00003770   0x00003770   0x0000002c   Code   RO          755    locale$$code        c_w.l(lc_ctype_c.o)
    0x0000379c   0x0000379c   0x00000062   Code   RO          499    x$fpl$d2f           fz_wm.l(d2f.o)
    0x000037fe   0x000037fe   0x00000002   PAD
    0x00003800   0x00003800   0x00000150   Code   RO          501    x$fpl$dadd          fz_wm.l(daddsub_clz.o)
    0x00003950   0x00003950   0x00000018   Code   RO          604    x$fpl$dcmpinf       fz_wm.l(dcmpi.o)
    0x00003968   0x00003968   0x000002b0   Code   RO          508    x$fpl$ddiv          fz_wm.l(ddiv.o)
    0x00003c18   0x00003c18   0x0000005e   Code   RO          511    x$fpl$dfix          fz_wm.l(dfix.o)
    0x00003c76   0x00003c76   0x00000026   Code   RO          515    x$fpl$dfltu         fz_wm.l(dflt_clz.o)
    0x00003c9c   0x00003c9c   0x00000078   Code   RO          521    x$fpl$dleqf         fz_wm.l(dleqf.o)
    0x00003d14   0x00003d14   0x00000154   Code   RO          523    x$fpl$dmul          fz_wm.l(dmul.o)
    0x00003e68   0x00003e68   0x0000009c   Code   RO          606    x$fpl$dnaninf       fz_wm.l(dnaninf.o)
    0x00003f04   0x00003f04   0x0000000c   Code   RO          608    x$fpl$dretinf       fz_wm.l(dretinf.o)
    0x00003f10   0x00003f10   0x0000006c   Code   RO          525    x$fpl$drleqf        fz_wm.l(drleqf.o)
    0x00003f7c   0x00003f7c   0x000001d4   Code   RO          503    x$fpl$dsub          fz_wm.l(daddsub_clz.o)
    0x00004150   0x00004150   0x00000056   Code   RO          527    x$fpl$f2d           fz_wm.l(f2d.o)
    0x000041a6   0x000041a6   0x0000008c   Code   RO          610    x$fpl$fnaninf       fz_wm.l(fnaninf.o)
    0x00004232   0x00004232   0x0000000a   Code   RO          759    x$fpl$fpinit        fz_wm.l(fpinit.o)
    0x0000423c   0x0000423c   0x0000000a   Code   RO          612    x$fpl$fretinf       fz_wm.l(fretinf.o)
    0x00004246   0x00004246   0x00000004   Code   RO          529    x$fpl$printf1       fz_wm.l(printf1.o)
    0x0000424a   0x0000424a   0x00000004   Code   RO          614    x$fpl$printf2       fz_wm.l(printf2.o)
    0x0000424e   0x0000424e   0x00000000   Code   RO          620    x$fpl$usenofp       fz_wm.l(usenofp.o)
    0x0000424e   0x0000424e   0x000001f0   Data   RO           44    .constdata          main.o
    0x0000443e   0x0000443e   0x000001e0   Data   RO          341    .constdata          nokia5110.o
    0x0000461e   0x0000461e   0x00000011   Data   RO          487    .constdata          c_w.l(__printf_flags_ss_wp.o)
    0x0000462f   0x0000462f   0x00000001   PAD
    0x00004630   0x00004630   0x00000008   Data   RO          551    .constdata          c_w.l(_printf_wctomb.o)
    0x00004638   0x00004638   0x00000028   Data   RO          580    .constdata          c_w.l(_printf_hex_int_ll_ptr.o)
    0x00004660   0x00004660   0x00000026   Data   RO          646    .constdata          c_w.l(_printf_fp_hex.o)
    0x00004686   0x00004686   0x00000002   PAD
    0x00004688   0x00004688   0x00000094   Data   RO          657    .constdata          c_w.l(bigflt0.o)
    0x0000471c   0x0000471c   0x00000020   Data   RO          834    Region$$Table       anon$$obj.o
    0x0000473c   0x0000473c   0x0000001c   Data   RO          683    locale$$data        c_w.l(lc_numeric_c.o)
    0x00004758   0x00004758   0x00000110   Data   RO          754    locale$$data        c_w.l(lc_ctype_c.o)


    Execution Region ER_RW (Exec base: 0x20000000, Load base: 0x00004868, Size: 0x000001a8, Max: 0xffffffff, ABSOLUTE, COMPRESSED[0x00000100])

    Exec Addr    Load Addr    Size         Type   Attr      Idx    E Section Name        Object

    0x20000000   COMPRESSED   0x000001a8   Data   RW           45    .data               main.o


    Execution Region ER_ZI (Exec base: 0x200001a8, Load base: 0x00004968, Size: 0x000015c8, Max: 0xffffffff, ABSOLUTE)

    Exec Addr    Load Addr    Size         Type   Attr      Idx    E Section Name        Object

    0x200001a8        -       0x00000564   Zero   RW           43    .bss                main.o
    0x2000070c        -       0x00000060   Zero   RW          691    .bss                c_w.l(libspace.o)
    0x2000076c   0x00004968   0x00000004   PAD
    0x20000770        -       0x00000000   Zero   RW          405    HEAP                startup_tm4c123.o
    0x20000770        -       0x00001000   Zero   RW          404    STACK               startup_tm4c123.o


==============================================================================

Image component sizes


      Code (inc. data)   RO Data    RW Data    ZI Data      Debug   Object Name

      5510        904        496        424       1380      82321   main.o
       610         50        480          0          0       5978   nokia5110.o
       236         54          0          0          0        288   outstr.o
       276         24        620          0       4096       5444   startup_tm4c123.o
        20          6          0          0          0        485   system_tm4c123.o

    ----------------------------------------------------------------------
      6656       1038       1628        424       5476      94516   Object Totals
         0          0         32          0          0          0   (incl. Generated)
         4          0          0          0          0          0   (incl. Padding)

    ----------------------------------------------------------------------

      Code (inc. data)   RO Data    RW Data    ZI Data      Debug   Library Member Name

        44          6          0          0          0         84   __2sprintf.o
        90          0          0          0          0          0   __dczerorl2.o
         8          0          0          0          0         68   __main.o
       392          4         17          0          0         92   __printf_flags_ss_wp.o
        14          0          0          0          0         68   __printf_wp.o
         0          0          0          0          0          0   __rtentry.o
        12          0          0          0          0          0   __rtentry2.o
         6          0          0          0          0          0   __rtentry4.o
        52          8          0          0          0          0   __scatter.o
        28          0          0          0          0          0   __scatter_zi.o
         6          0          0          0          0          0   _printf_a.o
         6          0          0          0          0          0   _printf_c.o
        44          0          0          0          0        108   _printf_char.o
        48          6          0          0          0         96   _printf_char_common.o
        40          0          0          0          0         68   _printf_charcount.o
         6          0          0          0          0          0   _printf_d.o
       120         16          0          0          0         92   _printf_dec.o
         6          0          0          0          0          0   _printf_e.o
         6          0          0          0          0          0   _printf_f.o
      1054          0          0          0          0        216   _printf_fp_dec.o
       764          8         38          0          0        100   _printf_fp_hex.o
       128         16          0          0          0         84   _printf_fp_infnan.o
         6          0          0          0          0          0   _printf_g.o
       148          4         40          0          0        160   _printf_hex_int_ll_ptr.o
         6          0          0          0          0          0   _printf_i.o
       178          0          0          0          0         88   _printf_intcommon.o
        10          0          0          0          0          0   _printf_l.o
         6          0          0          0          0          0   _printf_lc.o
        10          0          0          0          0          0   _printf_ll.o
         6          0          0          0          0          0   _printf_lld.o
         6          0          0          0          0          0   _printf_lli.o
         6          0          0          0          0          0   _printf_llo.o
         6          0          0          0          0          0   _printf_llu.o
         6          0          0          0          0          0   _printf_llx.o
       124         16          0          0          0         92   _printf_longlong_dec.o
         6          0          0          0          0          0   _printf_ls.o
         6          0          0          0          0          0   _printf_n.o
         6          0          0          0          0          0   _printf_o.o
       112         10          0          0          0        124   _printf_oct_int_ll.o
         6          0          0          0          0          0   _printf_p.o
        78          0          0          0          0        108   _printf_pad.o
         0          0          0          0          0          0   _printf_percent.o
         4          0          0          0          0          0   _printf_percent_end.o
         6          0          0          0          0          0   _printf_s.o
        82          0          0          0          0         80   _printf_str.o
        36          0          0          0          0         84   _printf_truncate.o
         6          0          0          0          0          0   _printf_u.o
        44          0          0          0          0        108   _printf_wchar.o
       188          6          8          0          0         92   _printf_wctomb.o
         6          0          0          0          0          0   _printf_x.o
        16          0          0          0          0         68   _snputc.o
        10          0          0          0          0         68   _sputc.o
        64          0          0          0          0         92   _wcrtomb.o
       228          4        148          0          0         96   bigflt0.o
      1936        128          0          0          0        672   btod.o
        18          0          0          0          0         80   exit.o
         6          0          0          0          0        152   heapauxi.o
         0          0          0          0          0          0   indicate_semi.o
        44         10        272          0          0         76   lc_ctype_c.o
        44         10         28          0          0         76   lc_numeric_c.o
         2          0          0          0          0          0   libinit.o
        34          0          0          0          0          0   libinit2.o
         2          0          0          0          0          0   libshutdown.o
         2          0          0          0          0          0   libshutdown2.o
         8          4          0          0         96         68   libspace.o
       138          0          0          0          0         80   lludiv10.o
        16          4          0          0          0         76   rt_ctype_table.o
         8          4          0          0          0         68   rt_locale_intlibspace.o
         2          0          0          0          0          0   rtexit.o
        10          0          0          0          0          0   rtexit2.o
        24          0          0          0          0         68   strcat.o
       128          0          0          0          0         68   strcmpv7m.o
        36          0          0          0          0         76   strncat.o
        12          4          0          0          0         68   sys_exit.o
        74          0          0          0          0         80   sys_stackheap_outer.o
         2          0          0          0          0         68   use_no_semi.o
        52          4          0          0          0         80   vsnprintf.o
        98          4          0          0          0        140   d2f.o
       804         16          0          0          0        368   daddsub_clz.o
        24          0          0          0          0        116   dcmpi.o
       688        140          0          0          0        256   ddiv.o
        94          4          0          0          0        140   dfix.o
        38          0          0          0          0        116   dflt_clz.o
       120          4          0          0          0        140   dleqf.o
       340         12          0          0          0        152   dmul.o
       156          4          0          0          0        140   dnaninf.o
        12          0          0          0          0        116   dretinf.o
       108          0          0          0          0        128   drleqf.o
        86          4          0          0          0        132   f2d.o
       140          4          0          0          0        132   fnaninf.o
        10          0          0          0          0        116   fpinit.o
        10          0          0          0          0        116   fretinf.o
         4          0          0          0          0        116   printf1.o
         4          0          0          0          0        116   printf2.o
         0          0          0          0          0          0   usenofp.o
        48          0          0          0          0        124   fpclassify.o

    ----------------------------------------------------------------------
      9698        464        554          0        100       6856   Library Totals
        20          0          3          0          4          0   (incl. Padding)

    ----------------------------------------------------------------------

      Code (inc. data)   RO Data    RW Data    ZI Data      Debug   Library Name

      6894        272        551          0         96       4192   c_w.l
      2736        192          0          0          0       2540   fz_wm.l
        48          0          0          0          0        124   m_wm.l

    ----------------------------------------------------------------------
      9698        464        554          0        100       6856   Library Totals

    ----------------------------------------------------------------------

==============================================================================


      Code (inc. data)   RO Data    RW Data    ZI Data      Debug   

     16354       1502       2182        424       5576      93084   Grand Totals
     16354       1502       2182        256       5576      93084   ELF Image Totals (compressed)
     16354       1502       2182        256          0          0   ROM Totals

==============================================================================

    Total RO  Size (Code + RO Data)                18536 (  18.10kB)
    Total RW  Size (RW Data + ZI Data)              6000 (   5.86kB)
    Total ROM Size (Code + RO Data + RW Data)      18792 (  18.35kB)

==============================================================================

